// Jest Snapshot v1, https://goo.gl/fbAQLP

exports[`DatePicker should render correctly 1`] = `
<div>
  <div
    class="c5-date-picker"
    id="c5-date-picker"
  >
    <div
      class="c5-dp-input"
      id="c5-dp-1"
    >
      <input
        type="date"
      />
    </div>
    <div
      style="position: fixed; z-index: 1; top: 0px; bottom: 0px; left: 0px; right: 0px; display: none; background: rgba(0, 0, 0, 0.3); cursor: pointer;"
    />
    <div
      class="color-picker-modal-wrapper"
      style="position: fixed; top: 50%; left: 50%; z-index: 2; transform: translate(-50%, -50%); transform-origin: left top; max-width: 100%; height: auto; display: none; animation: color-picker-fade-in .5s ease;"
    >
      <div
        class="mdp-container"
        style="position: absolute; top: 0px; left: 0px;"
      >
        <div
          class="mdp-content-container"
        >
          <div
            class="mdp-head"
          >
            <div
              class="mdp-button"
            >
              <div
                class="mdp-head-button-inner"
                id="c5-dp-1-ly"
              >
                <span
                  class="mcl-tooltip-wrapper"
                >
                  <div
                    class="mcl-tooltip-bubble mcl-tooltip-bottom dark"
                  >
                    <div
                      class="mcl-tooltip-message"
                      style="background-color: rgb(0, 0, 0); color: rgb(255, 255, 255); padding: 3px;"
                    >
                      Subtract Year
                    </div>
                  </div>
                  <span
                    class="mcl-tooltip-trigger"
                  >
                    <span
                      class="mdp-head-button-left-arrows"
                    />
                  </span>
                </span>
              </div>
            </div>
            <div
              class="mdp-button"
            >
              <div
                class="mdp-head-button-inner"
                id="c5-dp-1-lm"
              >
                <span
                  class="mcl-tooltip-wrapper"
                >
                  <div
                    class="mcl-tooltip-bubble mcl-tooltip-bottom dark"
                  >
                    <div
                      class="mcl-tooltip-message"
                      style="background-color: rgb(0, 0, 0); color: rgb(255, 255, 255); padding: 3px;"
                    >
                      Subtract month
                    </div>
                  </div>
                  <span
                    class="mcl-tooltip-trigger"
                  >
                    <span
                      class="mdp-head-button-left-arrow"
                    />
                  </span>
                </span>
              </div>
            </div>
            <div
              class="mdp-head-date"
            >
              <div
                class="mdp-head-year"
              >
                2022
              </div>
              <div
                class="mdp-head-month"
              >
                January
              </div>
            </div>
            <div
              class="mdp-button"
            >
              <div
                class="mdp-head-button-inner"
                id="c5-dp-1-nm"
              >
                <span
                  class="mcl-tooltip-wrapper"
                >
                  <div
                    class="mcl-tooltip-bubble mcl-tooltip-bottom dark"
                  >
                    <div
                      class="mcl-tooltip-message"
                      style="background-color: rgb(0, 0, 0); color: rgb(255, 255, 255); padding: 3px;"
                    >
                      Add month
                    </div>
                  </div>
                  <span
                    class="mcl-tooltip-trigger"
                  >
                    <span
                      class="mdp-head-button-right-arrow"
                    />
                  </span>
                </span>
              </div>
            </div>
            <div
              class="mdp-button"
            >
              <div
                class="mdp-head-button-inner"
                id="c5-dp-1-ny"
              >
                <span
                  class="mcl-tooltip-wrapper"
                >
                  <div
                    class="mcl-tooltip-bubble mcl-tooltip-bottom dark"
                  >
                    <div
                      class="mcl-tooltip-message"
                      style="background-color: rgb(0, 0, 0); color: rgb(255, 255, 255); padding: 3px;"
                    >
                      Add year
                    </div>
                  </div>
                  <span
                    class="mcl-tooltip-trigger"
                  >
                    <span
                      class="mdp-head-button-right-arrows"
                    />
                  </span>
                </span>
              </div>
            </div>
          </div>
        </div>
        <div
          class="mdp-body"
        >
          <div
            class="c-container"
          >
            <div
              class="cc-head"
            >
              <div
                class="cch-name"
              >
                Sun
              </div>
              <div
                class="cch-name"
              >
                Mon
              </div>
              <div
                class="cch-name"
              >
                Tue
              </div>
              <div
                class="cch-name"
              >
                Wed
              </div>
              <div
                class="cch-name"
              >
                Thu
              </div>
              <div
                class="cch-name"
              >
                Fri
              </div>
              <div
                class="cch-name"
              >
                Sat
              </div>
            </div>
            <div
              class="cc-body"
            >
              <div
                class="c-day-container disabled  "
              >
                <div
                  class="cdc-day"
                >
                  <span>
                    30
                  </span>
                </div>
              </div>
              <div
                class="c-day-container   highlight  hightlight-green"
              >
                <div
                  class="cdc-day"
                >
                  <span>
                    1
                  </span>
                </div>
              </div>
              <div
                class="c-day-container   "
              >
                <div
                  class="cdc-day"
                >
                  <span>
                    2
                  </span>
                </div>
              </div>
              <div
                class="c-day-container   "
              >
                <div
                  class="cdc-day"
                >
                  <span>
                    3
                  </span>
                </div>
              </div>
              <div
                class="c-day-container   "
              >
                <div
                  class="cdc-day"
                >
                  <span>
                    4
                  </span>
                </div>
              </div>
              <div
                class="c-day-container   "
              >
                <div
                  class="cdc-day"
                >
                  <span>
                    5
                  </span>
                </div>
              </div>
              <div
                class="c-day-container   "
              >
                <div
                  class="cdc-day"
                >
                  <span>
                    6
                  </span>
                </div>
              </div>
              <div
                class="c-day-container   "
              >
                <div
                  class="cdc-day"
                >
                  <span>
                    7
                  </span>
                </div>
              </div>
              <div
                class="c-day-container   "
              >
                <div
                  class="cdc-day"
                >
                  <span>
                    8
                  </span>
                </div>
              </div>
              <div
                class="c-day-container   "
              >
                <div
                  class="cdc-day"
                >
                  <span>
                    9
                  </span>
                </div>
              </div>
              <div
                class="c-day-container   "
              >
                <div
                  class="cdc-day"
                >
                  <span>
                    10
                  </span>
                </div>
              </div>
              <div
                class="c-day-container   "
              >
                <div
                  class="cdc-day"
                >
                  <span>
                    11
                  </span>
                </div>
              </div>
              <div
                class="c-day-container   "
              >
                <div
                  class="cdc-day"
                >
                  <span>
                    12
                  </span>
                </div>
              </div>
              <div
                class="c-day-container   "
              >
                <div
                  class="cdc-day"
                >
                  <span>
                    13
                  </span>
                </div>
              </div>
              <div
                class="c-day-container   "
              >
                <div
                  class="cdc-day"
                >
                  <span>
                    14
                  </span>
                </div>
              </div>
              <div
                class="c-day-container   "
              >
                <div
                  class="cdc-day"
                >
                  <span>
                    15
                  </span>
                </div>
              </div>
              <div
                class="c-day-container   "
              >
                <div
                  class="cdc-day"
                >
                  <span>
                    16
                  </span>
                </div>
              </div>
              <div
                class="c-day-container   "
              >
                <div
                  class="cdc-day"
                >
                  <span>
                    17
                  </span>
                </div>
              </div>
              <div
                class="c-day-container   "
              >
                <div
                  class="cdc-day"
                >
                  <span>
                    18
                  </span>
                </div>
              </div>
              <div
                class="c-day-container   "
              >
                <div
                  class="cdc-day"
                >
                  <span>
                    19
                  </span>
                </div>
              </div>
              <div
                class="c-day-container   "
              >
                <div
                  class="cdc-day"
                >
                  <span>
                    20
                  </span>
                </div>
              </div>
              <div
                class="c-day-container   "
              >
                <div
                  class="cdc-day"
                >
                  <span>
                    21
                  </span>
                </div>
              </div>
              <div
                class="c-day-container   "
              >
                <div
                  class="cdc-day"
                >
                  <span>
                    22
                  </span>
                </div>
              </div>
              <div
                class="c-day-container   "
              >
                <div
                  class="cdc-day"
                >
                  <span>
                    23
                  </span>
                </div>
              </div>
              <div
                class="c-day-container   "
              >
                <div
                  class="cdc-day"
                >
                  <span>
                    24
                  </span>
                </div>
              </div>
              <div
                class="c-day-container   "
              >
                <div
                  class="cdc-day"
                >
                  <span>
                    25
                  </span>
                </div>
              </div>
              <div
                class="c-day-container   "
              >
                <div
                  class="cdc-day"
                >
                  <span>
                    26
                  </span>
                </div>
              </div>
              <div
                class="c-day-container   "
              >
                <div
                  class="cdc-day"
                >
                  <span>
                    27
                  </span>
                </div>
              </div>
              <div
                class="c-day-container   "
              >
                <div
                  class="cdc-day"
                >
                  <span>
                    28
                  </span>
                </div>
              </div>
              <div
                class="c-day-container   "
              >
                <div
                  class="cdc-day"
                >
                  <span>
                    29
                  </span>
                </div>
              </div>
              <div
                class="c-day-container   "
              >
                <div
                  class="cdc-day"
                >
                  <span>
                    30
                  </span>
                </div>
              </div>
              <div
                class="c-day-container   "
              >
                <div
                  class="cdc-day"
                >
                  <span>
                    31
                  </span>
                </div>
              </div>
              <div
                class="c-day-container   highlight  hightlight-green"
              >
                <div
                  class="cdc-day"
                >
                  <span>
                    1
                  </span>
                </div>
              </div>
              <div
                class="c-day-container disabled  "
              >
                <div
                  class="cdc-day"
                >
                  <span>
                    2
                  </span>
                </div>
              </div>
              <div
                class="c-day-container disabled  "
              >
                <div
                  class="cdc-day"
                >
                  <span>
                    3
                  </span>
                </div>
              </div>
              <div
                class="c-day-container disabled  "
              >
                <div
                  class="cdc-day"
                >
                  <span>
                    4
                  </span>
                </div>
              </div>
              <div
                class="c-day-container disabled  "
              >
                <div
                  class="cdc-day"
                >
                  <span>
                    5
                  </span>
                </div>
              </div>
              <div
                class="c-day-container disabled  "
              >
                <div
                  class="cdc-day"
                >
                  <span>
                    6
                  </span>
                </div>
              </div>
              <div
                class="c-day-container disabled  "
              >
                <div
                  class="cdc-day"
                >
                  <span>
                    7
                  </span>
                </div>
              </div>
              <div
                class="c-day-container disabled  "
              >
                <div
                  class="cdc-day"
                >
                  <span>
                    8
                  </span>
                </div>
              </div>
              <div
                class="c-day-container disabled  "
              >
                <div
                  class="cdc-day"
                >
                  <span>
                    9
                  </span>
                </div>
              </div>
              <div
                class="c-day-container disabled  "
              >
                <div
                  class="cdc-day"
                >
                  <span>
                    10
                  </span>
                </div>
              </div>
            </div>
          </div>
        </div>
      </div>
    </div>
  </div>
</div>
`;
