// Jest Snapshot v1, https://goo.gl/fbAQLP

exports[`Calendar should handle next year 1`] = `
<div>
  <div
    class="c5-calendar"
  >
    <div
      class="header row flex-middle"
    >
      <div
        class="col col-start"
      >
        <div
          class="calendar-icon prev"
        >
          chevron_left
        </div>
      </div>
      <div
        class="col col-center"
      >
        <span>
          1/31/2023
        </span>
      </div>
      <div
        class="col col-end"
      >
        <div
          class="calendar-icon next"
        >
          chevron_right
        </div>
      </div>
    </div>
    <div
      class="days row"
    >
      <div
        class="col col-center"
      >
        Sunday
      </div>
      <div
        class="col col-center"
      >
        Monday
      </div>
      <div
        class="col col-center"
      >
        Tuesday
      </div>
      <div
        class="col col-center"
      >
        WednesDay
      </div>
      <div
        class="col col-center"
      >
        Thursday
      </div>
      <div
        class="col col-center"
      >
        Friday
      </div>
      <div
        class="col col-center"
      >
        Saturday
      </div>
    </div>
    <div
      class="body"
    >
      <div
        class="row"
      >
        <div
          class="col cell "
        >
          <span
            class="number"
          >
            1
          </span>
          <span
            class="bg"
          >
            1
          </span>
        </div>
        <div
          class="col cell "
        >
          <span
            class="number"
          >
            2
          </span>
          <span
            class="bg"
          >
            2
          </span>
        </div>
        <div
          class="col cell "
        >
          <span
            class="number"
          >
            3
          </span>
          <span
            class="bg"
          >
            3
          </span>
        </div>
        <div
          class="col cell "
        >
          <span
            class="number"
          >
            4
          </span>
          <span
            class="bg"
          >
            4
          </span>
        </div>
        <div
          class="col cell "
        >
          <span
            class="number"
          >
            5
          </span>
          <span
            class="bg"
          >
            5
          </span>
        </div>
        <div
          class="col cell "
        >
          <span
            class="number"
          >
            6
          </span>
          <span
            class="bg"
          >
            6
          </span>
        </div>
        <div
          class="col cell "
        >
          <span
            class="number"
          >
            7
          </span>
          <span
            class="bg"
          >
            7
          </span>
        </div>
      </div>
      <div
        class="row"
      >
        <div
          class="col cell "
        >
          <span
            class="number"
          >
            8
          </span>
          <span
            class="bg"
          >
            8
          </span>
        </div>
        <div
          class="col cell "
        >
          <span
            class="number"
          >
            9
          </span>
          <span
            class="bg"
          >
            9
          </span>
        </div>
        <div
          class="col cell "
        >
          <span
            class="number"
          >
            10
          </span>
          <span
            class="bg"
          >
            10
          </span>
        </div>
        <div
          class="col cell "
        >
          <span
            class="number"
          >
            11
          </span>
          <span
            class="bg"
          >
            11
          </span>
        </div>
        <div
          class="col cell "
        >
          <span
            class="number"
          >
            12
          </span>
          <span
            class="bg"
          >
            12
          </span>
        </div>
        <div
          class="col cell "
        >
          <span
            class="number"
          >
            13
          </span>
          <span
            class="bg"
          >
            13
          </span>
        </div>
        <div
          class="col cell "
        >
          <span
            class="number"
          >
            14
          </span>
          <span
            class="bg"
          >
            14
          </span>
        </div>
      </div>
      <div
        class="row"
      >
        <div
          class="col cell "
        >
          <span
            class="number"
          >
            15
          </span>
          <span
            class="bg"
          >
            15
          </span>
        </div>
        <div
          class="col cell "
        >
          <span
            class="number"
          >
            16
          </span>
          <span
            class="bg"
          >
            16
          </span>
        </div>
        <div
          class="col cell "
        >
          <span
            class="number"
          >
            17
          </span>
          <span
            class="bg"
          >
            17
          </span>
        </div>
        <div
          class="col cell "
        >
          <span
            class="number"
          >
            18
          </span>
          <span
            class="bg"
          >
            18
          </span>
        </div>
        <div
          class="col cell "
        >
          <span
            class="number"
          >
            19
          </span>
          <span
            class="bg"
          >
            19
          </span>
        </div>
        <div
          class="col cell "
        >
          <span
            class="number"
          >
            20
          </span>
          <span
            class="bg"
          >
            20
          </span>
        </div>
        <div
          class="col cell "
        >
          <span
            class="number"
          >
            21
          </span>
          <span
            class="bg"
          >
            21
          </span>
        </div>
      </div>
      <div
        class="row"
      >
        <div
          class="col cell "
        >
          <span
            class="number"
          >
            22
          </span>
          <span
            class="bg"
          >
            22
          </span>
        </div>
        <div
          class="col cell "
        >
          <span
            class="number"
          >
            23
          </span>
          <span
            class="bg"
          >
            23
          </span>
        </div>
        <div
          class="col cell "
        >
          <span
            class="number"
          >
            24
          </span>
          <span
            class="bg"
          >
            24
          </span>
        </div>
        <div
          class="col cell "
        >
          <span
            class="number"
          >
            25
          </span>
          <span
            class="bg"
          >
            25
          </span>
        </div>
        <div
          class="col cell "
        >
          <span
            class="number"
          >
            26
          </span>
          <span
            class="bg"
          >
            26
          </span>
        </div>
        <div
          class="col cell "
        >
          <span
            class="number"
          >
            27
          </span>
          <span
            class="bg"
          >
            27
          </span>
        </div>
        <div
          class="col cell "
        >
          <span
            class="number"
          >
            28
          </span>
          <span
            class="bg"
          >
            28
          </span>
        </div>
      </div>
      <div
        class="row"
      >
        <div
          class="col cell "
        >
          <span
            class="number"
          >
            29
          </span>
          <span
            class="bg"
          >
            29
          </span>
        </div>
        <div
          class="col cell "
        >
          <span
            class="number"
          >
            30
          </span>
          <span
            class="bg"
          >
            30
          </span>
        </div>
        <div
          class="col cell "
        >
          <span
            class="number"
          >
            31
          </span>
          <span
            class="bg"
          >
            31
          </span>
        </div>
        <div
          class="col cell disabled"
        >
          <span
            class="number"
          >
            1
          </span>
          <span
            class="bg"
          >
            1
          </span>
        </div>
        <div
          class="col cell disabled"
        >
          <span
            class="number"
          >
            2
          </span>
          <span
            class="bg"
          >
            2
          </span>
        </div>
        <div
          class="col cell disabled"
        >
          <span
            class="number"
          >
            3
          </span>
          <span
            class="bg"
          >
            3
          </span>
        </div>
        <div
          class="col cell disabled"
        >
          <span
            class="number"
          >
            4
          </span>
          <span
            class="bg"
          >
            4
          </span>
        </div>
      </div>
      <div
        class="row"
      >
        <div
          class="col cell disabled"
        >
          <span
            class="number"
          >
            5
          </span>
          <span
            class="bg"
          >
            5
          </span>
        </div>
        <div
          class="col cell disabled"
        >
          <span
            class="number"
          >
            6
          </span>
          <span
            class="bg"
          >
            6
          </span>
        </div>
        <div
          class="col cell disabled"
        >
          <span
            class="number"
          >
            7
          </span>
          <span
            class="bg"
          >
            7
          </span>
        </div>
        <div
          class="col cell disabled"
        >
          <span
            class="number"
          >
            8
          </span>
          <span
            class="bg"
          >
            8
          </span>
        </div>
        <div
          class="col cell disabled"
        >
          <span
            class="number"
          >
            9
          </span>
          <span
            class="bg"
          >
            9
          </span>
        </div>
        <div
          class="col cell disabled"
        >
          <span
            class="number"
          >
            10
          </span>
          <span
            class="bg"
          >
            10
          </span>
        </div>
        <div
          class="col cell disabled"
        >
          <span
            class="number"
          >
            11
          </span>
          <span
            class="bg"
          >
            11
          </span>
        </div>
      </div>
    </div>
  </div>
</div>
`;

exports[`Calendar should handle previous hear 1`] = `
<div>
  <div
    class="c5-calendar"
  >
    <div
      class="header row flex-middle"
    >
      <div
        class="col col-start"
      >
        <div
          class="calendar-icon prev"
        >
          chevron_left
        </div>
      </div>
      <div
        class="col col-center"
      >
        <span>
          12/1/2021
        </span>
      </div>
      <div
        class="col col-end"
      >
        <div
          class="calendar-icon next"
        >
          chevron_right
        </div>
      </div>
    </div>
    <div
      class="days row"
    >
      <div
        class="col col-center"
      >
        Sunday
      </div>
      <div
        class="col col-center"
      >
        Monday
      </div>
      <div
        class="col col-center"
      >
        Tuesday
      </div>
      <div
        class="col col-center"
      >
        WednesDay
      </div>
      <div
        class="col col-center"
      >
        Thursday
      </div>
      <div
        class="col col-center"
      >
        Friday
      </div>
      <div
        class="col col-center"
      >
        Saturday
      </div>
    </div>
    <div
      class="body"
    >
      <div
        class="row"
      >
        <div
          class="col cell disabled"
        >
          <span
            class="number"
          >
            28
          </span>
          <span
            class="bg"
          >
            28
          </span>
        </div>
        <div
          class="col cell disabled"
        >
          <span
            class="number"
          >
            29
          </span>
          <span
            class="bg"
          >
            29
          </span>
        </div>
        <div
          class="col cell disabled"
        >
          <span
            class="number"
          >
            30
          </span>
          <span
            class="bg"
          >
            30
          </span>
        </div>
        <div
          class="col cell "
        >
          <span
            class="number"
          >
            1
          </span>
          <span
            class="bg"
          >
            1
          </span>
        </div>
        <div
          class="col cell "
        >
          <span
            class="number"
          >
            2
          </span>
          <span
            class="bg"
          >
            2
          </span>
        </div>
        <div
          class="col cell "
        >
          <span
            class="number"
          >
            3
          </span>
          <span
            class="bg"
          >
            3
          </span>
        </div>
        <div
          class="col cell "
        >
          <span
            class="number"
          >
            4
          </span>
          <span
            class="bg"
          >
            4
          </span>
        </div>
      </div>
      <div
        class="row"
      >
        <div
          class="col cell "
        >
          <span
            class="number"
          >
            5
          </span>
          <span
            class="bg"
          >
            5
          </span>
        </div>
        <div
          class="col cell "
        >
          <span
            class="number"
          >
            6
          </span>
          <span
            class="bg"
          >
            6
          </span>
        </div>
        <div
          class="col cell "
        >
          <span
            class="number"
          >
            7
          </span>
          <span
            class="bg"
          >
            7
          </span>
        </div>
        <div
          class="col cell "
        >
          <span
            class="number"
          >
            8
          </span>
          <span
            class="bg"
          >
            8
          </span>
        </div>
        <div
          class="col cell "
        >
          <span
            class="number"
          >
            9
          </span>
          <span
            class="bg"
          >
            9
          </span>
        </div>
        <div
          class="col cell "
        >
          <span
            class="number"
          >
            10
          </span>
          <span
            class="bg"
          >
            10
          </span>
        </div>
        <div
          class="col cell "
        >
          <span
            class="number"
          >
            11
          </span>
          <span
            class="bg"
          >
            11
          </span>
        </div>
      </div>
      <div
        class="row"
      >
        <div
          class="col cell "
        >
          <span
            class="number"
          >
            12
          </span>
          <span
            class="bg"
          >
            12
          </span>
        </div>
        <div
          class="col cell "
        >
          <span
            class="number"
          >
            13
          </span>
          <span
            class="bg"
          >
            13
          </span>
        </div>
        <div
          class="col cell "
        >
          <span
            class="number"
          >
            14
          </span>
          <span
            class="bg"
          >
            14
          </span>
        </div>
        <div
          class="col cell "
        >
          <span
            class="number"
          >
            15
          </span>
          <span
            class="bg"
          >
            15
          </span>
        </div>
        <div
          class="col cell "
        >
          <span
            class="number"
          >
            16
          </span>
          <span
            class="bg"
          >
            16
          </span>
        </div>
        <div
          class="col cell "
        >
          <span
            class="number"
          >
            17
          </span>
          <span
            class="bg"
          >
            17
          </span>
        </div>
        <div
          class="col cell "
        >
          <span
            class="number"
          >
            18
          </span>
          <span
            class="bg"
          >
            18
          </span>
        </div>
      </div>
      <div
        class="row"
      >
        <div
          class="col cell "
        >
          <span
            class="number"
          >
            19
          </span>
          <span
            class="bg"
          >
            19
          </span>
        </div>
        <div
          class="col cell "
        >
          <span
            class="number"
          >
            20
          </span>
          <span
            class="bg"
          >
            20
          </span>
        </div>
        <div
          class="col cell "
        >
          <span
            class="number"
          >
            21
          </span>
          <span
            class="bg"
          >
            21
          </span>
        </div>
        <div
          class="col cell "
        >
          <span
            class="number"
          >
            22
          </span>
          <span
            class="bg"
          >
            22
          </span>
        </div>
        <div
          class="col cell "
        >
          <span
            class="number"
          >
            23
          </span>
          <span
            class="bg"
          >
            23
          </span>
        </div>
        <div
          class="col cell "
        >
          <span
            class="number"
          >
            24
          </span>
          <span
            class="bg"
          >
            24
          </span>
        </div>
        <div
          class="col cell "
        >
          <span
            class="number"
          >
            25
          </span>
          <span
            class="bg"
          >
            25
          </span>
        </div>
      </div>
      <div
        class="row"
      >
        <div
          class="col cell "
        >
          <span
            class="number"
          >
            26
          </span>
          <span
            class="bg"
          >
            26
          </span>
        </div>
        <div
          class="col cell "
        >
          <span
            class="number"
          >
            27
          </span>
          <span
            class="bg"
          >
            27
          </span>
        </div>
        <div
          class="col cell "
        >
          <span
            class="number"
          >
            28
          </span>
          <span
            class="bg"
          >
            28
          </span>
        </div>
        <div
          class="col cell "
        >
          <span
            class="number"
          >
            29
          </span>
          <span
            class="bg"
          >
            29
          </span>
        </div>
        <div
          class="col cell "
        >
          <span
            class="number"
          >
            30
          </span>
          <span
            class="bg"
          >
            30
          </span>
        </div>
        <div
          class="col cell "
        >
          <span
            class="number"
          >
            31
          </span>
          <span
            class="bg"
          >
            31
          </span>
        </div>
        <div
          class="col cell disabled"
        >
          <span
            class="number"
          >
            1
          </span>
          <span
            class="bg"
          >
            1
          </span>
        </div>
      </div>
      <div
        class="row"
      >
        <div
          class="col cell disabled"
        >
          <span
            class="number"
          >
            2
          </span>
          <span
            class="bg"
          >
            2
          </span>
        </div>
        <div
          class="col cell disabled"
        >
          <span
            class="number"
          >
            3
          </span>
          <span
            class="bg"
          >
            3
          </span>
        </div>
        <div
          class="col cell disabled"
        >
          <span
            class="number"
          >
            4
          </span>
          <span
            class="bg"
          >
            4
          </span>
        </div>
        <div
          class="col cell disabled"
        >
          <span
            class="number"
          >
            5
          </span>
          <span
            class="bg"
          >
            5
          </span>
        </div>
        <div
          class="col cell disabled"
        >
          <span
            class="number"
          >
            6
          </span>
          <span
            class="bg"
          >
            6
          </span>
        </div>
        <div
          class="col cell disabled"
        >
          <span
            class="number"
          >
            7
          </span>
          <span
            class="bg"
          >
            7
          </span>
        </div>
        <div
          class="col cell disabled"
        >
          <span
            class="number"
          >
            8
          </span>
          <span
            class="bg"
          >
            8
          </span>
        </div>
      </div>
    </div>
  </div>
</div>
`;

exports[`Calendar should render correctly 1`] = `
<div>
  <div
    class="c5-calendar"
  >
    <div
      class="header row flex-middle"
    >
      <div
        class="col col-start"
      >
        <div
          class="calendar-icon prev"
        >
          chevron_left
        </div>
      </div>
      <div
        class="col col-center"
      >
        <span>
          3/26/2022
        </span>
      </div>
      <div
        class="col col-end"
      >
        <div
          class="calendar-icon next"
        >
          chevron_right
        </div>
      </div>
    </div>
    <div
      class="days row"
    >
      <div
        class="col col-center"
      >
        Sunday
      </div>
      <div
        class="col col-center"
      >
        Monday
      </div>
      <div
        class="col col-center"
      >
        Tuesday
      </div>
      <div
        class="col col-center"
      >
        WednesDay
      </div>
      <div
        class="col col-center"
      >
        Thursday
      </div>
      <div
        class="col col-center"
      >
        Friday
      </div>
      <div
        class="col col-center"
      >
        Saturday
      </div>
    </div>
    <div
      class="body"
    >
      <div
        class="row"
      >
        <div
          class="col cell disabled"
        >
          <span
            class="number"
          >
            27
          </span>
          <span
            class="bg"
          >
            27
          </span>
        </div>
        <div
          class="col cell disabled"
        >
          <span
            class="number"
          >
            28
          </span>
          <span
            class="bg"
          >
            28
          </span>
        </div>
        <div
          class="col cell "
        >
          <span
            class="number"
          >
            1
          </span>
          <span
            class="bg"
          >
            1
          </span>
        </div>
        <div
          class="col cell "
        >
          <span
            class="number"
          >
            2
          </span>
          <span
            class="bg"
          >
            2
          </span>
        </div>
        <div
          class="col cell "
        >
          <span
            class="number"
          >
            3
          </span>
          <span
            class="bg"
          >
            3
          </span>
        </div>
        <div
          class="col cell "
        >
          <span
            class="number"
          >
            4
          </span>
          <span
            class="bg"
          >
            4
          </span>
        </div>
        <div
          class="col cell "
        >
          <span
            class="number"
          >
            5
          </span>
          <span
            class="bg"
          >
            5
          </span>
        </div>
      </div>
      <div
        class="row"
      >
        <div
          class="col cell "
        >
          <span
            class="number"
          >
            6
          </span>
          <span
            class="bg"
          >
            6
          </span>
        </div>
        <div
          class="col cell "
        >
          <span
            class="number"
          >
            7
          </span>
          <span
            class="bg"
          >
            7
          </span>
        </div>
        <div
          class="col cell "
        >
          <span
            class="number"
          >
            8
          </span>
          <span
            class="bg"
          >
            8
          </span>
        </div>
        <div
          class="col cell "
        >
          <span
            class="number"
          >
            9
          </span>
          <span
            class="bg"
          >
            9
          </span>
        </div>
        <div
          class="col cell "
        >
          <span
            class="number"
          >
            10
          </span>
          <span
            class="bg"
          >
            10
          </span>
        </div>
        <div
          class="col cell "
        >
          <span
            class="number"
          >
            11
          </span>
          <span
            class="bg"
          >
            11
          </span>
        </div>
        <div
          class="col cell "
        >
          <span
            class="number"
          >
            12
          </span>
          <span
            class="bg"
          >
            12
          </span>
        </div>
      </div>
      <div
        class="row"
      >
        <div
          class="col cell "
        >
          <span
            class="number"
          >
            13
          </span>
          <span
            class="bg"
          >
            13
          </span>
        </div>
        <div
          class="col cell "
        >
          <span
            class="number"
          >
            14
          </span>
          <span
            class="bg"
          >
            14
          </span>
        </div>
        <div
          class="col cell "
        >
          <span
            class="number"
          >
            15
          </span>
          <span
            class="bg"
          >
            15
          </span>
        </div>
        <div
          class="col cell "
        >
          <span
            class="number"
          >
            16
          </span>
          <span
            class="bg"
          >
            16
          </span>
        </div>
        <div
          class="col cell "
        >
          <span
            class="number"
          >
            17
          </span>
          <span
            class="bg"
          >
            17
          </span>
        </div>
        <div
          class="col cell "
        >
          <span
            class="number"
          >
            18
          </span>
          <span
            class="bg"
          >
            18
          </span>
        </div>
        <div
          class="col cell "
        >
          <span
            class="number"
          >
            19
          </span>
          <span
            class="bg"
          >
            19
          </span>
        </div>
      </div>
      <div
        class="row"
      >
        <div
          class="col cell "
        >
          <span
            class="number"
          >
            20
          </span>
          <span
            class="bg"
          >
            20
          </span>
        </div>
        <div
          class="col cell "
        >
          <span
            class="number"
          >
            21
          </span>
          <span
            class="bg"
          >
            21
          </span>
        </div>
        <div
          class="col cell "
        >
          <span
            class="number"
          >
            22
          </span>
          <span
            class="bg"
          >
            22
          </span>
        </div>
        <div
          class="col cell "
        >
          <span
            class="number"
          >
            23
          </span>
          <span
            class="bg"
          >
            23
          </span>
        </div>
        <div
          class="col cell "
        >
          <span
            class="number"
          >
            24
          </span>
          <span
            class="bg"
          >
            24
          </span>
        </div>
        <div
          class="col cell "
        >
          <span
            class="number"
          >
            25
          </span>
          <span
            class="bg"
          >
            25
          </span>
        </div>
        <div
          class="col cell selected"
        >
          <span
            class="number"
          >
            26
          </span>
          <span
            class="bg"
          >
            26
          </span>
        </div>
      </div>
      <div
        class="row"
      >
        <div
          class="col cell "
        >
          <span
            class="number"
          >
            27
          </span>
          <span
            class="bg"
          >
            27
          </span>
        </div>
        <div
          class="col cell "
        >
          <span
            class="number"
          >
            28
          </span>
          <span
            class="bg"
          >
            28
          </span>
        </div>
        <div
          class="col cell "
        >
          <span
            class="number"
          >
            29
          </span>
          <span
            class="bg"
          >
            29
          </span>
        </div>
        <div
          class="col cell "
        >
          <span
            class="number"
          >
            30
          </span>
          <span
            class="bg"
          >
            30
          </span>
        </div>
        <div
          class="col cell "
        >
          <span
            class="number"
          >
            31
          </span>
          <span
            class="bg"
          >
            31
          </span>
        </div>
        <div
          class="col cell disabled"
        >
          <span
            class="number"
          >
            1
          </span>
          <span
            class="bg"
          >
            1
          </span>
        </div>
        <div
          class="col cell disabled"
        >
          <span
            class="number"
          >
            2
          </span>
          <span
            class="bg"
          >
            2
          </span>
        </div>
      </div>
      <div
        class="row"
      >
        <div
          class="col cell disabled"
        >
          <span
            class="number"
          >
            3
          </span>
          <span
            class="bg"
          >
            3
          </span>
        </div>
        <div
          class="col cell disabled"
        >
          <span
            class="number"
          >
            4
          </span>
          <span
            class="bg"
          >
            4
          </span>
        </div>
        <div
          class="col cell disabled"
        >
          <span
            class="number"
          >
            5
          </span>
          <span
            class="bg"
          >
            5
          </span>
        </div>
        <div
          class="col cell disabled"
        >
          <span
            class="number"
          >
            6
          </span>
          <span
            class="bg"
          >
            6
          </span>
        </div>
        <div
          class="col cell disabled"
        >
          <span
            class="number"
          >
            7
          </span>
          <span
            class="bg"
          >
            7
          </span>
        </div>
        <div
          class="col cell disabled"
        >
          <span
            class="number"
          >
            8
          </span>
          <span
            class="bg"
          >
            8
          </span>
        </div>
        <div
          class="col cell disabled"
        >
          <span
            class="number"
          >
            9
          </span>
          <span
            class="bg"
          >
            9
          </span>
        </div>
      </div>
    </div>
  </div>
</div>
`;

exports[`Calendar should render next month 1`] = `
<div>
  <div
    class="c5-calendar"
  >
    <div
      class="header row flex-middle"
    >
      <div
        class="col col-start"
      >
        <div
          class="calendar-icon prev"
        >
          chevron_left
        </div>
      </div>
      <div
        class="col col-center"
      >
        <span>
          4/26/2022
        </span>
      </div>
      <div
        class="col col-end"
      >
        <div
          class="calendar-icon next"
        >
          chevron_right
        </div>
      </div>
    </div>
    <div
      class="days row"
    >
      <div
        class="col col-center"
      >
        Sunday
      </div>
      <div
        class="col col-center"
      >
        Monday
      </div>
      <div
        class="col col-center"
      >
        Tuesday
      </div>
      <div
        class="col col-center"
      >
        WednesDay
      </div>
      <div
        class="col col-center"
      >
        Thursday
      </div>
      <div
        class="col col-center"
      >
        Friday
      </div>
      <div
        class="col col-center"
      >
        Saturday
      </div>
    </div>
    <div
      class="body"
    >
      <div
        class="row"
      >
        <div
          class="col cell disabled"
        >
          <span
            class="number"
          >
            27
          </span>
          <span
            class="bg"
          >
            27
          </span>
        </div>
        <div
          class="col cell disabled"
        >
          <span
            class="number"
          >
            28
          </span>
          <span
            class="bg"
          >
            28
          </span>
        </div>
        <div
          class="col cell disabled"
        >
          <span
            class="number"
          >
            29
          </span>
          <span
            class="bg"
          >
            29
          </span>
        </div>
        <div
          class="col cell disabled"
        >
          <span
            class="number"
          >
            30
          </span>
          <span
            class="bg"
          >
            30
          </span>
        </div>
        <div
          class="col cell disabled"
        >
          <span
            class="number"
          >
            31
          </span>
          <span
            class="bg"
          >
            31
          </span>
        </div>
        <div
          class="col cell "
        >
          <span
            class="number"
          >
            1
          </span>
          <span
            class="bg"
          >
            1
          </span>
        </div>
        <div
          class="col cell "
        >
          <span
            class="number"
          >
            2
          </span>
          <span
            class="bg"
          >
            2
          </span>
        </div>
      </div>
      <div
        class="row"
      >
        <div
          class="col cell "
        >
          <span
            class="number"
          >
            3
          </span>
          <span
            class="bg"
          >
            3
          </span>
        </div>
        <div
          class="col cell "
        >
          <span
            class="number"
          >
            4
          </span>
          <span
            class="bg"
          >
            4
          </span>
        </div>
        <div
          class="col cell "
        >
          <span
            class="number"
          >
            5
          </span>
          <span
            class="bg"
          >
            5
          </span>
        </div>
        <div
          class="col cell "
        >
          <span
            class="number"
          >
            6
          </span>
          <span
            class="bg"
          >
            6
          </span>
        </div>
        <div
          class="col cell "
        >
          <span
            class="number"
          >
            7
          </span>
          <span
            class="bg"
          >
            7
          </span>
        </div>
        <div
          class="col cell "
        >
          <span
            class="number"
          >
            8
          </span>
          <span
            class="bg"
          >
            8
          </span>
        </div>
        <div
          class="col cell "
        >
          <span
            class="number"
          >
            9
          </span>
          <span
            class="bg"
          >
            9
          </span>
        </div>
      </div>
      <div
        class="row"
      >
        <div
          class="col cell "
        >
          <span
            class="number"
          >
            10
          </span>
          <span
            class="bg"
          >
            10
          </span>
        </div>
        <div
          class="col cell "
        >
          <span
            class="number"
          >
            11
          </span>
          <span
            class="bg"
          >
            11
          </span>
        </div>
        <div
          class="col cell "
        >
          <span
            class="number"
          >
            12
          </span>
          <span
            class="bg"
          >
            12
          </span>
        </div>
        <div
          class="col cell "
        >
          <span
            class="number"
          >
            13
          </span>
          <span
            class="bg"
          >
            13
          </span>
        </div>
        <div
          class="col cell "
        >
          <span
            class="number"
          >
            14
          </span>
          <span
            class="bg"
          >
            14
          </span>
        </div>
        <div
          class="col cell "
        >
          <span
            class="number"
          >
            15
          </span>
          <span
            class="bg"
          >
            15
          </span>
        </div>
        <div
          class="col cell "
        >
          <span
            class="number"
          >
            16
          </span>
          <span
            class="bg"
          >
            16
          </span>
        </div>
      </div>
      <div
        class="row"
      >
        <div
          class="col cell "
        >
          <span
            class="number"
          >
            17
          </span>
          <span
            class="bg"
          >
            17
          </span>
        </div>
        <div
          class="col cell "
        >
          <span
            class="number"
          >
            18
          </span>
          <span
            class="bg"
          >
            18
          </span>
        </div>
        <div
          class="col cell "
        >
          <span
            class="number"
          >
            19
          </span>
          <span
            class="bg"
          >
            19
          </span>
        </div>
        <div
          class="col cell "
        >
          <span
            class="number"
          >
            20
          </span>
          <span
            class="bg"
          >
            20
          </span>
        </div>
        <div
          class="col cell "
        >
          <span
            class="number"
          >
            21
          </span>
          <span
            class="bg"
          >
            21
          </span>
        </div>
        <div
          class="col cell "
        >
          <span
            class="number"
          >
            22
          </span>
          <span
            class="bg"
          >
            22
          </span>
        </div>
        <div
          class="col cell "
        >
          <span
            class="number"
          >
            23
          </span>
          <span
            class="bg"
          >
            23
          </span>
        </div>
      </div>
      <div
        class="row"
      >
        <div
          class="col cell "
        >
          <span
            class="number"
          >
            24
          </span>
          <span
            class="bg"
          >
            24
          </span>
        </div>
        <div
          class="col cell "
        >
          <span
            class="number"
          >
            25
          </span>
          <span
            class="bg"
          >
            25
          </span>
        </div>
        <div
          class="col cell "
        >
          <span
            class="number"
          >
            26
          </span>
          <span
            class="bg"
          >
            26
          </span>
        </div>
        <div
          class="col cell "
        >
          <span
            class="number"
          >
            27
          </span>
          <span
            class="bg"
          >
            27
          </span>
        </div>
        <div
          class="col cell "
        >
          <span
            class="number"
          >
            28
          </span>
          <span
            class="bg"
          >
            28
          </span>
        </div>
        <div
          class="col cell "
        >
          <span
            class="number"
          >
            29
          </span>
          <span
            class="bg"
          >
            29
          </span>
        </div>
        <div
          class="col cell "
        >
          <span
            class="number"
          >
            30
          </span>
          <span
            class="bg"
          >
            30
          </span>
        </div>
      </div>
      <div
        class="row"
      >
        <div
          class="col cell disabled"
        >
          <span
            class="number"
          >
            1
          </span>
          <span
            class="bg"
          >
            1
          </span>
        </div>
        <div
          class="col cell disabled"
        >
          <span
            class="number"
          >
            2
          </span>
          <span
            class="bg"
          >
            2
          </span>
        </div>
        <div
          class="col cell disabled"
        >
          <span
            class="number"
          >
            3
          </span>
          <span
            class="bg"
          >
            3
          </span>
        </div>
        <div
          class="col cell disabled"
        >
          <span
            class="number"
          >
            4
          </span>
          <span
            class="bg"
          >
            4
          </span>
        </div>
        <div
          class="col cell disabled"
        >
          <span
            class="number"
          >
            5
          </span>
          <span
            class="bg"
          >
            5
          </span>
        </div>
        <div
          class="col cell disabled"
        >
          <span
            class="number"
          >
            6
          </span>
          <span
            class="bg"
          >
            6
          </span>
        </div>
        <div
          class="col cell disabled"
        >
          <span
            class="number"
          >
            7
          </span>
          <span
            class="bg"
          >
            7
          </span>
        </div>
      </div>
    </div>
  </div>
</div>
`;

exports[`Calendar should render previous month 1`] = `
<div>
  <div
    class="c5-calendar"
  >
    <div
      class="header row flex-middle"
    >
      <div
        class="col col-start"
      >
        <div
          class="calendar-icon prev"
        >
          chevron_left
        </div>
      </div>
      <div
        class="col col-center"
      >
        <span>
          2/26/2022
        </span>
      </div>
      <div
        class="col col-end"
      >
        <div
          class="calendar-icon next"
        >
          chevron_right
        </div>
      </div>
    </div>
    <div
      class="days row"
    >
      <div
        class="col col-center"
      >
        Sunday
      </div>
      <div
        class="col col-center"
      >
        Monday
      </div>
      <div
        class="col col-center"
      >
        Tuesday
      </div>
      <div
        class="col col-center"
      >
        WednesDay
      </div>
      <div
        class="col col-center"
      >
        Thursday
      </div>
      <div
        class="col col-center"
      >
        Friday
      </div>
      <div
        class="col col-center"
      >
        Saturday
      </div>
    </div>
    <div
      class="body"
    >
      <div
        class="row"
      >
        <div
          class="col cell disabled"
        >
          <span
            class="number"
          >
            30
          </span>
          <span
            class="bg"
          >
            30
          </span>
        </div>
        <div
          class="col cell disabled"
        >
          <span
            class="number"
          >
            31
          </span>
          <span
            class="bg"
          >
            31
          </span>
        </div>
        <div
          class="col cell "
        >
          <span
            class="number"
          >
            1
          </span>
          <span
            class="bg"
          >
            1
          </span>
        </div>
        <div
          class="col cell "
        >
          <span
            class="number"
          >
            2
          </span>
          <span
            class="bg"
          >
            2
          </span>
        </div>
        <div
          class="col cell "
        >
          <span
            class="number"
          >
            3
          </span>
          <span
            class="bg"
          >
            3
          </span>
        </div>
        <div
          class="col cell "
        >
          <span
            class="number"
          >
            4
          </span>
          <span
            class="bg"
          >
            4
          </span>
        </div>
        <div
          class="col cell "
        >
          <span
            class="number"
          >
            5
          </span>
          <span
            class="bg"
          >
            5
          </span>
        </div>
      </div>
      <div
        class="row"
      >
        <div
          class="col cell "
        >
          <span
            class="number"
          >
            6
          </span>
          <span
            class="bg"
          >
            6
          </span>
        </div>
        <div
          class="col cell "
        >
          <span
            class="number"
          >
            7
          </span>
          <span
            class="bg"
          >
            7
          </span>
        </div>
        <div
          class="col cell "
        >
          <span
            class="number"
          >
            8
          </span>
          <span
            class="bg"
          >
            8
          </span>
        </div>
        <div
          class="col cell "
        >
          <span
            class="number"
          >
            9
          </span>
          <span
            class="bg"
          >
            9
          </span>
        </div>
        <div
          class="col cell "
        >
          <span
            class="number"
          >
            10
          </span>
          <span
            class="bg"
          >
            10
          </span>
        </div>
        <div
          class="col cell "
        >
          <span
            class="number"
          >
            11
          </span>
          <span
            class="bg"
          >
            11
          </span>
        </div>
        <div
          class="col cell "
        >
          <span
            class="number"
          >
            12
          </span>
          <span
            class="bg"
          >
            12
          </span>
        </div>
      </div>
      <div
        class="row"
      >
        <div
          class="col cell "
        >
          <span
            class="number"
          >
            13
          </span>
          <span
            class="bg"
          >
            13
          </span>
        </div>
        <div
          class="col cell "
        >
          <span
            class="number"
          >
            14
          </span>
          <span
            class="bg"
          >
            14
          </span>
        </div>
        <div
          class="col cell "
        >
          <span
            class="number"
          >
            15
          </span>
          <span
            class="bg"
          >
            15
          </span>
        </div>
        <div
          class="col cell "
        >
          <span
            class="number"
          >
            16
          </span>
          <span
            class="bg"
          >
            16
          </span>
        </div>
        <div
          class="col cell "
        >
          <span
            class="number"
          >
            17
          </span>
          <span
            class="bg"
          >
            17
          </span>
        </div>
        <div
          class="col cell "
        >
          <span
            class="number"
          >
            18
          </span>
          <span
            class="bg"
          >
            18
          </span>
        </div>
        <div
          class="col cell "
        >
          <span
            class="number"
          >
            19
          </span>
          <span
            class="bg"
          >
            19
          </span>
        </div>
      </div>
      <div
        class="row"
      >
        <div
          class="col cell "
        >
          <span
            class="number"
          >
            20
          </span>
          <span
            class="bg"
          >
            20
          </span>
        </div>
        <div
          class="col cell "
        >
          <span
            class="number"
          >
            21
          </span>
          <span
            class="bg"
          >
            21
          </span>
        </div>
        <div
          class="col cell "
        >
          <span
            class="number"
          >
            22
          </span>
          <span
            class="bg"
          >
            22
          </span>
        </div>
        <div
          class="col cell "
        >
          <span
            class="number"
          >
            23
          </span>
          <span
            class="bg"
          >
            23
          </span>
        </div>
        <div
          class="col cell "
        >
          <span
            class="number"
          >
            24
          </span>
          <span
            class="bg"
          >
            24
          </span>
        </div>
        <div
          class="col cell "
        >
          <span
            class="number"
          >
            25
          </span>
          <span
            class="bg"
          >
            25
          </span>
        </div>
        <div
          class="col cell "
        >
          <span
            class="number"
          >
            26
          </span>
          <span
            class="bg"
          >
            26
          </span>
        </div>
      </div>
      <div
        class="row"
      >
        <div
          class="col cell "
        >
          <span
            class="number"
          >
            27
          </span>
          <span
            class="bg"
          >
            27
          </span>
        </div>
        <div
          class="col cell "
        >
          <span
            class="number"
          >
            28
          </span>
          <span
            class="bg"
          >
            28
          </span>
        </div>
        <div
          class="col cell disabled"
        >
          <span
            class="number"
          >
            1
          </span>
          <span
            class="bg"
          >
            1
          </span>
        </div>
        <div
          class="col cell disabled"
        >
          <span
            class="number"
          >
            2
          </span>
          <span
            class="bg"
          >
            2
          </span>
        </div>
        <div
          class="col cell disabled"
        >
          <span
            class="number"
          >
            3
          </span>
          <span
            class="bg"
          >
            3
          </span>
        </div>
        <div
          class="col cell disabled"
        >
          <span
            class="number"
          >
            4
          </span>
          <span
            class="bg"
          >
            4
          </span>
        </div>
        <div
          class="col cell disabled"
        >
          <span
            class="number"
          >
            5
          </span>
          <span
            class="bg"
          >
            5
          </span>
        </div>
      </div>
    </div>
  </div>
</div>
`;
