// Jest Snapshot v1, https://goo.gl/fbAQLP

exports[`Menu should render correctly 1`] = `
<div>
  <header>
    <div
      class="nav-area"
    >
      <a
        class="logo"
        href="/#"
      />
      <nav>
        <ul
          class="menus"
        >
          <div
            class="menu-items"
          >
            <a
              href="/#"
            >
              Home
            </a>
          </div>
          <div
            class="menu-items"
          >
            <button
              aria-expanded="false"
              aria-haspopup="menu"
              type="button"
            >
              Services
               
              <span
                class="arrow"
              />
            </button>
            <ul
              class="dropdown  "
            >
              <li
                class="menu-items"
              >
                <div
                  class="menu-items"
                >
                  <a
                    href="/#"
                  >
                    web design
                  </a>
                </div>
              </li>
              <li
                class="menu-items"
              >
                <div
                  class="menu-items"
                >
                  <button
                    aria-expanded="false"
                    aria-haspopup="menu"
                    type="button"
                  >
                    web development
                     
                    <span>
                      »
                    </span>
                  </button>
                  <ul
                    class="dropdown dropdown-submenu "
                  >
                    <li
                      class="menu-items"
                    >
                      <div
                        class="menu-items"
                      >
                        <a
                          href="/#"
                        >
                          frontend
                        </a>
                      </div>
                    </li>
                    <li
                      class="menu-items"
                    >
                      <div
                        class="menu-items"
                      >
                        <button
                          aria-expanded="false"
                          aria-haspopup="menu"
                          type="button"
                        >
                          backend
                           
                          <span>
                            »
                          </span>
                        </button>
                        <ul
                          class="dropdown dropdown-submenu "
                        >
                          <li
                            class="menu-items"
                          >
                            <div
                              class="menu-items"
                            >
                              <a
                                href="/#"
                              >
                                NodeJS
                              </a>
                            </div>
                          </li>
                          <li
                            class="menu-items"
                          >
                            <div
                              class="menu-items"
                            >
                              <a
                                href="/#"
                              >
                                PHP
                              </a>
                            </div>
                          </li>
                        </ul>
                      </div>
                    </li>
                  </ul>
                </div>
              </li>
              <li
                class="menu-items"
              >
                <div
                  class="menu-items"
                >
                  <a
                    href="/#"
                  >
                    seo
                  </a>
                </div>
              </li>
            </ul>
          </div>
          <div
            class="menu-items"
          >
            <a
              href="/#"
            >
              About
            </a>
          </div>
        </ul>
      </nav>
    </div>
  </header>
</div>
`;

exports[`Menu should show submenu 1`] = `
<div>
  <header>
    <div
      class="nav-area"
    >
      <a
        class="logo"
        href="/#"
      />
      <nav>
        <ul
          class="menus"
        >
          <div
            class="menu-items"
          >
            <a
              href="/#"
            >
              Home
            </a>
          </div>
          <div
            class="menu-items"
          >
            <button
              aria-expanded="false"
              aria-haspopup="menu"
              type="button"
            >
              Services
               
              <span
                class="arrow"
              />
            </button>
            <ul
              class="dropdown  "
            >
              <li
                class="menu-items"
              >
                <div
                  class="menu-items"
                >
                  <a
                    href="/#"
                  >
                    web design
                  </a>
                </div>
              </li>
              <li
                class="menu-items"
              >
                <div
                  class="menu-items"
                >
                  <button
                    aria-expanded="false"
                    aria-haspopup="menu"
                    type="button"
                  >
                    web development
                     
                    <span>
                      »
                    </span>
                  </button>
                  <ul
                    class="dropdown dropdown-submenu "
                  >
                    <li
                      class="menu-items"
                    >
                      <div
                        class="menu-items"
                      >
                        <a
                          href="/#"
                        >
                          frontend
                        </a>
                      </div>
                    </li>
                    <li
                      class="menu-items"
                    >
                      <div
                        class="menu-items"
                      >
                        <button
                          aria-expanded="false"
                          aria-haspopup="menu"
                          type="button"
                        >
                          backend
                           
                          <span>
                            »
                          </span>
                        </button>
                        <ul
                          class="dropdown dropdown-submenu "
                        >
                          <li
                            class="menu-items"
                          >
                            <div
                              class="menu-items"
                            >
                              <a
                                href="/#"
                              >
                                NodeJS
                              </a>
                            </div>
                          </li>
                          <li
                            class="menu-items"
                          >
                            <div
                              class="menu-items"
                            >
                              <a
                                href="/#"
                              >
                                PHP
                              </a>
                            </div>
                          </li>
                        </ul>
                      </div>
                    </li>
                  </ul>
                </div>
              </li>
              <li
                class="menu-items"
              >
                <div
                  class="menu-items"
                >
                  <a
                    href="/#"
                  >
                    seo
                  </a>
                </div>
              </li>
            </ul>
          </div>
          <div
            class="menu-items"
          >
            <a
              href="/#"
            >
              About
            </a>
          </div>
        </ul>
      </nav>
    </div>
  </header>
</div>
`;
