// Jest Snapshot v1, https://goo.gl/fbAQLP

exports[`CodeDisplay should handle not showing line number 1`] = `
<div>
  <code
    class="code"
  >
    <div
      class="copy-to-clipboard"
    >
      <div
        class="c5-editor-clipboard"
      >
        <svg
          fill="fff"
          height="100%"
          viewBox="0 0 290.627 290.627"
          width="100%"
        >
          <path
            d="M215.626,28.125h-38.363c-1.941-5.442-7.097-9.375-13.2-9.375h-14.062v-4.688
 C150.001,6.309,143.692,0,135.938,0h-28.125c-7.753,0-14.062,6.309-14.062,14.063v4.688H79.688c-6.103,0-11.259,3.933-13.2,9.375
 H28.126c-7.753,0-14.063,6.309-14.063,14.063v234.375c0,7.753,6.309,14.063,14.063,14.063h187.5
 c7.753,0,14.063-6.309,14.063-14.063V42.188C229.689,34.434,223.379,28.125,215.626,28.125z M75.001,32.813
 c0-2.583,2.105-4.688,4.688-4.688h23.438V14.063c0-2.583,2.105-4.688,4.688-4.688h28.125c2.583,0,4.688,2.105,4.688,4.688v14.063
 h23.438c2.583,0,4.688,2.105,4.688,4.688v14.063c0,2.583-2.105,4.688-4.688,4.688H79.688c-2.583,0-4.688-2.105-4.688-4.688V32.813
 H75.001z M220.314,276.563c0,2.587-2.105,4.688-4.688,4.688h-187.5c-2.583,0-4.688-2.1-4.688-4.688V42.188
 c0-2.583,2.105-4.688,4.688-4.688h37.5v9.375c0,7.753,6.309,14.063,14.063,14.063h84.375c7.753,0,14.063-6.309,14.063-14.063V37.5
 h37.5c2.583,0,4.688,2.105,4.688,4.688v234.375H220.314z"
            fill="#333333"
            stroke="#333333"
          />
          <path
            d="M173.439,112.5h-46.875v-9.375h14.063V70.313h-37.5v32.813h14.063v9.375H70.313v18.75H56.251
 v32.813h37.5V131.25H79.688v-9.375h37.5v9.375h-14.063v32.813h37.5V131.25h-14.063v-9.375h37.5v9.375h-14.061v32.813h14.063v9.375
 h-46.875v18.75h-14.063V225h37.5v-32.813h-14.063v-9.375h46.875v-18.75h14.063V131.25h-14.063V112.5H173.439z M112.501,79.688
 h18.75V93.75h-18.75V79.688z M84.376,154.688h-18.75v-14.063h18.75V154.688z M131.251,154.688h-18.75v-14.063h18.75V154.688z
 M131.251,215.625h-18.75v-14.063h18.75V215.625z M178.126,154.688h-18.75v-14.063h18.75V154.688z"
            fill="#333333"
            stroke="#333333"
          />
          <path
            d="M262.501,32.813c-7.753,0-14.063,6.309-14.063,14.063v9.375v9.375V75v9.375v160.134l14.063,42.188
 l14.063-42.188V84.375V75v-9.375V56.25v-9.375C276.564,39.122,270.254,32.813,262.501,32.813z M259.628,248.438h5.742
 l-2.869,8.616L259.628,248.438z M267.189,239.063h-9.375V84.375h9.375V239.063z M267.189,75h-9.375v-9.375h9.375V75z
 M257.814,56.25v-9.375c0-2.583,2.105-4.688,4.688-4.688c2.583,0,4.688,2.105,4.688,4.688v9.375H257.814z"
            fill="#333333"
            stroke="#333333"
          />
        </svg>
      </div>
    </div>
    <div
      class="editor-top-spacer"
    >
      <div />
      <div
        class="code-line"
      />
    </div>
    <div
      class="code-content"
    >
      <div />
      <div
        class="code-line"
      >
        <span
          style="color:#6BF1A5"
        >
          import
        </span>
         
        <span
          style="color:#1985BD"
        >
          avion
        </span>
         
        <span
          style="color:#6BF1A5"
        >
          from
        </span>
         
        <span
          style="color:#0DC9F2"
        >
          <span
            style="color:#19E637"
          >
            '
          </span>
          <span
            style="color:#1985BD"
          >
            avion
          </span>
          <span
            style="color:#19E637"
          >
            '
          </span>
        </span>
      </div>
    </div>
    <div
      class="code-content"
    >
      <div />
      <div
        class="code-line"
      >
          
        <span
          style="color:#A59548"
        >
          async
        </span>
         
        <span
          style="color:#1985BD"
        >
          function
        </span>
         getEmployees
        <span
          style="color:#B05AD9"
        >
          <span
            style="color:#B7BE34"
          >
            (
          </span>
          <span
            style="color: #f513c1"
          >
            url
          </span>
          , apikey, searchPhrase
          <span
            style="color:#B7BE34"
          >
            )
          </span>
        </span>
        <span
          style="color:#E19E1F"
        >
          {
        </span>
      </div>
    </div>
    <div
      class="code-content"
    >
      <div />
      <div
        class="code-line"
      >
            
        <span
          style="color:#1985BD"
        >
          let
        </span>
         
        <span
          style="color:#A59548"
        >
          json
        </span>
        <span
          style="color:#396BB7"
        >
           = 
        </span>
        <span
          style="color:#A59548"
        >
          await
        </span>
         
        <span
          style="color:#1985BD"
        >
          avion
        </span>
        <span
          style="color:#B7BE34"
        >
          (
        </span>
        <span
          style="color:#E19E1F"
        >
          {
        </span>
      </div>
    </div>
    <div
      class="code-content"
    >
      <div />
      <div
        class="code-line"
      >
        <span
          style="color:#94B740"
        >
                
          <span
            style="color:#A59548"
          >
            method
          </span>
        </span>
        :
        <span
          style="color:#22B0C0"
        >
           
          <span
            style="color:#0DC9F2"
          >
            <span
              style="color:#19E637"
            >
              '
            </span>
            GET
            <span
              style="color:#19E637"
            >
              '
            </span>
          </span>
          ,
        </span>
      </div>
    </div>
    <div
      class="code-content"
    >
      <div />
      <div
        class="code-line"
      >
        <span
          style="color:#94B740"
        >
                
          <span
            style="color: #f513c1"
          >
            cors
          </span>
        </span>
        :
        <span
          style="color:#22B0C0"
        >
           
          <span
            style="color:#A59548"
          >
            true
          </span>
          ,
        </span>
      </div>
    </div>
    <div
      class="code-content"
    >
      <div />
      <div
        class="code-line"
      >
        <span
          style="color:#94B740"
        >
                headers
        </span>
        :
        <span
          style="color:#22B0C0"
        >
           
          <span
            style="color:#E19E1F"
          >
            {
          </span>
        </span>
      </div>
    </div>
    <div
      class="code-content"
    >
      <div />
      <div
        class="code-line"
      >
        <span
          style="color:#94B740"
        >
                  
          <span
            style="color:#0DC9F2"
          >
            <span
              style="color:#19E637"
            >
              '
            </span>
            Content-Type
            <span
              style="color:#19E637"
            >
              '
            </span>
          </span>
        </span>
        :
        <span
          style="color:#22B0C0"
        >
          <span
            style="color:#0DC9F2"
          >
            <span
              style="color:#19E637"
            >
              '
            </span>
            <span
              style="color:#A59548"
            >
              application
            </span>
            /
            <span
              style="color:#A59548"
            >
              json
            </span>
            <span
              style="color:#19E637"
            >
              '
            </span>
          </span>
        </span>
      </div>
    </div>
    <div
      class="code-content"
    >
      <div />
      <div
        class="code-line"
      >
              
        <span
          style="color:#E19E1F"
        >
          }
        </span>
        ,
      </div>
    </div>
    <div
      class="code-content"
    >
      <div />
      <div
        class="code-line"
      >
        <span
          style="color:#94B740"
        >
                
          <span
            style="color: #f513c1"
          >
            url
          </span>
        </span>
        : 
        <span
          style="color: #f513c1"
        >
          url
        </span>
         + 
        <span
          style="color:#0DC9F2"
        >
          <span
            style="color:#19E637"
          >
            '
          </span>
          users/list
          <span
            style="color:#19E637"
          >
            '
          </span>
        </span>
        ,
      </div>
    </div>
    <div
      class="code-content"
    >
      <div />
      <div
        class="code-line"
      >
        <span
          style="color:#94B740"
        >
                
          <span
            style="color: #f513c1"
          >
            params
          </span>
        </span>
        :
        <span
          style="color:#22B0C0"
        >
           
          <span
            style="color:#E19E1F"
          >
            {
          </span>
        </span>
      </div>
    </div>
    <div
      class="code-content"
    >
      <div />
      <div
        class="code-line"
      >
                apikey,
      </div>
    </div>
    <div
      class="code-content"
    >
      <div />
      <div
        class="code-line"
      >
                searchPhrase
      </div>
    </div>
    <div
      class="code-content"
    >
      <div />
      <div
        class="code-line"
      >
              
        <span
          style="color:#E19E1F"
        >
          }
        </span>
      </div>
    </div>
    <div
      class="code-content"
    >
      <div />
      <div
        class="code-line"
      >
            
        <span
          style="color:#E19E1F"
        >
          }
        </span>
        <span
          style="color:#B7BE34"
        >
          )
        </span>
      </div>
    </div>
    <div
      class="code-content"
    >
      <div />
      <div
        class="code-line"
      />
    </div>
    <div
      class="code-content"
    >
      <div />
      <div
        class="code-line"
      >
            
        <span
          style="color:#6BF1A5"
        >
          return
        </span>
         
        <span
          style="color:#A59548"
        >
          json
        </span>
        ;
      </div>
    </div>
    <div
      class="code-content"
    >
      <div />
      <div
        class="code-line"
      >
          
      </div>
    </div>
    <div
      class="editor-bottom-spacer"
    >
      <div />
      <div />
    </div>
  </code>
</div>
`;

exports[`CodeDisplay should render correctly 1`] = `
<div>
  <code
    class="code"
  >
    <div
      class="copy-to-clipboard"
    >
      <div
        class="c5-editor-clipboard"
      >
        <svg
          fill="fff"
          height="100%"
          viewBox="0 0 290.627 290.627"
          width="100%"
        >
          <path
            d="M215.626,28.125h-38.363c-1.941-5.442-7.097-9.375-13.2-9.375h-14.062v-4.688
 C150.001,6.309,143.692,0,135.938,0h-28.125c-7.753,0-14.062,6.309-14.062,14.063v4.688H79.688c-6.103,0-11.259,3.933-13.2,9.375
 H28.126c-7.753,0-14.063,6.309-14.063,14.063v234.375c0,7.753,6.309,14.063,14.063,14.063h187.5
 c7.753,0,14.063-6.309,14.063-14.063V42.188C229.689,34.434,223.379,28.125,215.626,28.125z M75.001,32.813
 c0-2.583,2.105-4.688,4.688-4.688h23.438V14.063c0-2.583,2.105-4.688,4.688-4.688h28.125c2.583,0,4.688,2.105,4.688,4.688v14.063
 h23.438c2.583,0,4.688,2.105,4.688,4.688v14.063c0,2.583-2.105,4.688-4.688,4.688H79.688c-2.583,0-4.688-2.105-4.688-4.688V32.813
 H75.001z M220.314,276.563c0,2.587-2.105,4.688-4.688,4.688h-187.5c-2.583,0-4.688-2.1-4.688-4.688V42.188
 c0-2.583,2.105-4.688,4.688-4.688h37.5v9.375c0,7.753,6.309,14.063,14.063,14.063h84.375c7.753,0,14.063-6.309,14.063-14.063V37.5
 h37.5c2.583,0,4.688,2.105,4.688,4.688v234.375H220.314z"
            fill="#333333"
            stroke="#333333"
          />
          <path
            d="M173.439,112.5h-46.875v-9.375h14.063V70.313h-37.5v32.813h14.063v9.375H70.313v18.75H56.251
 v32.813h37.5V131.25H79.688v-9.375h37.5v9.375h-14.063v32.813h37.5V131.25h-14.063v-9.375h37.5v9.375h-14.061v32.813h14.063v9.375
 h-46.875v18.75h-14.063V225h37.5v-32.813h-14.063v-9.375h46.875v-18.75h14.063V131.25h-14.063V112.5H173.439z M112.501,79.688
 h18.75V93.75h-18.75V79.688z M84.376,154.688h-18.75v-14.063h18.75V154.688z M131.251,154.688h-18.75v-14.063h18.75V154.688z
 M131.251,215.625h-18.75v-14.063h18.75V215.625z M178.126,154.688h-18.75v-14.063h18.75V154.688z"
            fill="#333333"
            stroke="#333333"
          />
          <path
            d="M262.501,32.813c-7.753,0-14.063,6.309-14.063,14.063v9.375v9.375V75v9.375v160.134l14.063,42.188
 l14.063-42.188V84.375V75v-9.375V56.25v-9.375C276.564,39.122,270.254,32.813,262.501,32.813z M259.628,248.438h5.742
 l-2.869,8.616L259.628,248.438z M267.189,239.063h-9.375V84.375h9.375V239.063z M267.189,75h-9.375v-9.375h9.375V75z
 M257.814,56.25v-9.375c0-2.583,2.105-4.688,4.688-4.688c2.583,0,4.688,2.105,4.688,4.688v9.375H257.814z"
            fill="#333333"
            stroke="#333333"
          />
        </svg>
      </div>
    </div>
    <div
      class="editor-top-spacer"
    >
      <div
        class="line-number"
      />
      <div
        class="code-line"
      />
    </div>
    <div
      class="code-content"
    >
      <div
        class="line-number"
      >
        1
          
      </div>
      <div
        class="code-line"
      >
        <span
          style="color:#6BF1A5"
        >
          import
        </span>
         
        <span
          style="color:#1985BD"
        >
          avion
        </span>
         
        <span
          style="color:#6BF1A5"
        >
          from
        </span>
         
        <span
          style="color:#0DC9F2"
        >
          <span
            style="color:#19E637"
          >
            '
          </span>
          <span
            style="color:#1985BD"
          >
            avion
          </span>
          <span
            style="color:#19E637"
          >
            '
          </span>
        </span>
      </div>
    </div>
    <div
      class="code-content"
    >
      <div
        class="line-number"
      >
        2
          
      </div>
      <div
        class="code-line"
      >
          
        <span
          style="color:#A59548"
        >
          async
        </span>
         
        <span
          style="color:#1985BD"
        >
          function
        </span>
         getEmployees
        <span
          style="color:#B05AD9"
        >
          <span
            style="color:#B7BE34"
          >
            (
          </span>
          <span
            style="color: #f513c1"
          >
            url
          </span>
          , apikey, searchPhrase
          <span
            style="color:#B7BE34"
          >
            )
          </span>
        </span>
        <span
          style="color:#E19E1F"
        >
          {
        </span>
      </div>
    </div>
    <div
      class="code-content"
    >
      <div
        class="line-number"
      >
        3
          
      </div>
      <div
        class="code-line"
      >
            
        <span
          style="color:#1985BD"
        >
          let
        </span>
         
        <span
          style="color:#A59548"
        >
          json
        </span>
        <span
          style="color:#396BB7"
        >
           = 
        </span>
        <span
          style="color:#A59548"
        >
          await
        </span>
         
        <span
          style="color:#1985BD"
        >
          avion
        </span>
        <span
          style="color:#B7BE34"
        >
          (
        </span>
        <span
          style="color:#E19E1F"
        >
          {
        </span>
      </div>
    </div>
    <div
      class="code-content"
    >
      <div
        class="line-number"
      >
        4
          
      </div>
      <div
        class="code-line"
      >
        <span
          style="color:#94B740"
        >
                
          <span
            style="color:#A59548"
          >
            method
          </span>
        </span>
        :
        <span
          style="color:#22B0C0"
        >
           
          <span
            style="color:#0DC9F2"
          >
            <span
              style="color:#19E637"
            >
              '
            </span>
            GET
            <span
              style="color:#19E637"
            >
              '
            </span>
          </span>
          ,
        </span>
      </div>
    </div>
    <div
      class="code-content"
    >
      <div
        class="line-number"
      >
        5
          
      </div>
      <div
        class="code-line"
      >
        <span
          style="color:#94B740"
        >
                
          <span
            style="color: #f513c1"
          >
            cors
          </span>
        </span>
        :
        <span
          style="color:#22B0C0"
        >
           
          <span
            style="color:#A59548"
          >
            true
          </span>
          ,
        </span>
      </div>
    </div>
    <div
      class="code-content"
    >
      <div
        class="line-number"
      >
        6
          
      </div>
      <div
        class="code-line"
      >
        <span
          style="color:#94B740"
        >
                headers
        </span>
        :
        <span
          style="color:#22B0C0"
        >
           
          <span
            style="color:#E19E1F"
          >
            {
          </span>
        </span>
      </div>
    </div>
    <div
      class="code-content"
    >
      <div
        class="line-number"
      >
        7
          
      </div>
      <div
        class="code-line"
      >
        <span
          style="color:#94B740"
        >
                  
          <span
            style="color:#0DC9F2"
          >
            <span
              style="color:#19E637"
            >
              '
            </span>
            Content-Type
            <span
              style="color:#19E637"
            >
              '
            </span>
          </span>
        </span>
        :
        <span
          style="color:#22B0C0"
        >
          <span
            style="color:#0DC9F2"
          >
            <span
              style="color:#19E637"
            >
              '
            </span>
            <span
              style="color:#A59548"
            >
              application
            </span>
            /
            <span
              style="color:#A59548"
            >
              json
            </span>
            <span
              style="color:#19E637"
            >
              '
            </span>
          </span>
        </span>
      </div>
    </div>
    <div
      class="code-content"
    >
      <div
        class="line-number"
      >
        8
          
      </div>
      <div
        class="code-line"
      >
              
        <span
          style="color:#E19E1F"
        >
          }
        </span>
        ,
      </div>
    </div>
    <div
      class="code-content"
    >
      <div
        class="line-number"
      >
        9
          
      </div>
      <div
        class="code-line"
      >
        <span
          style="color:#94B740"
        >
                
          <span
            style="color: #f513c1"
          >
            url
          </span>
        </span>
        : 
        <span
          style="color: #f513c1"
        >
          url
        </span>
         + 
        <span
          style="color:#0DC9F2"
        >
          <span
            style="color:#19E637"
          >
            '
          </span>
          users/list
          <span
            style="color:#19E637"
          >
            '
          </span>
        </span>
        ,
      </div>
    </div>
    <div
      class="code-content"
    >
      <div
        class="line-number"
      >
        10
          
      </div>
      <div
        class="code-line"
      >
        <span
          style="color:#94B740"
        >
                
          <span
            style="color: #f513c1"
          >
            params
          </span>
        </span>
        :
        <span
          style="color:#22B0C0"
        >
           
          <span
            style="color:#E19E1F"
          >
            {
          </span>
        </span>
      </div>
    </div>
    <div
      class="code-content"
    >
      <div
        class="line-number"
      >
        11
          
      </div>
      <div
        class="code-line"
      >
                apikey,
      </div>
    </div>
    <div
      class="code-content"
    >
      <div
        class="line-number"
      >
        12
          
      </div>
      <div
        class="code-line"
      >
                searchPhrase
      </div>
    </div>
    <div
      class="code-content"
    >
      <div
        class="line-number"
      >
        13
          
      </div>
      <div
        class="code-line"
      >
              
        <span
          style="color:#E19E1F"
        >
          }
        </span>
      </div>
    </div>
    <div
      class="code-content"
    >
      <div
        class="line-number"
      >
        14
          
      </div>
      <div
        class="code-line"
      >
            
        <span
          style="color:#E19E1F"
        >
          }
        </span>
        <span
          style="color:#B7BE34"
        >
          )
        </span>
      </div>
    </div>
    <div
      class="code-content"
    >
      <div
        class="line-number"
      >
        15
          
      </div>
      <div
        class="code-line"
      />
    </div>
    <div
      class="code-content"
    >
      <div
        class="line-number"
      >
        16
          
      </div>
      <div
        class="code-line"
      >
            
        <span
          style="color:#6BF1A5"
        >
          return
        </span>
         
        <span
          style="color:#A59548"
        >
          json
        </span>
        ;
      </div>
    </div>
    <div
      class="code-content"
    >
      <div
        class="line-number"
      >
        17
          
      </div>
      <div
        class="code-line"
      >
          
      </div>
    </div>
    <div
      class="editor-bottom-spacer"
    >
      <div
        class="line-number"
      />
      <div />
    </div>
  </code>
</div>
`;

exports[`CodeDisplay should render custom alternate words 1`] = `
<div>
  <code
    class="code"
  >
    <div
      class="copy-to-clipboard"
    >
      <div
        class="c5-editor-clipboard"
      >
        <svg
          fill="fff"
          height="100%"
          viewBox="0 0 290.627 290.627"
          width="100%"
        >
          <path
            d="M215.626,28.125h-38.363c-1.941-5.442-7.097-9.375-13.2-9.375h-14.062v-4.688
 C150.001,6.309,143.692,0,135.938,0h-28.125c-7.753,0-14.062,6.309-14.062,14.063v4.688H79.688c-6.103,0-11.259,3.933-13.2,9.375
 H28.126c-7.753,0-14.063,6.309-14.063,14.063v234.375c0,7.753,6.309,14.063,14.063,14.063h187.5
 c7.753,0,14.063-6.309,14.063-14.063V42.188C229.689,34.434,223.379,28.125,215.626,28.125z M75.001,32.813
 c0-2.583,2.105-4.688,4.688-4.688h23.438V14.063c0-2.583,2.105-4.688,4.688-4.688h28.125c2.583,0,4.688,2.105,4.688,4.688v14.063
 h23.438c2.583,0,4.688,2.105,4.688,4.688v14.063c0,2.583-2.105,4.688-4.688,4.688H79.688c-2.583,0-4.688-2.105-4.688-4.688V32.813
 H75.001z M220.314,276.563c0,2.587-2.105,4.688-4.688,4.688h-187.5c-2.583,0-4.688-2.1-4.688-4.688V42.188
 c0-2.583,2.105-4.688,4.688-4.688h37.5v9.375c0,7.753,6.309,14.063,14.063,14.063h84.375c7.753,0,14.063-6.309,14.063-14.063V37.5
 h37.5c2.583,0,4.688,2.105,4.688,4.688v234.375H220.314z"
            fill="#333333"
            stroke="#333333"
          />
          <path
            d="M173.439,112.5h-46.875v-9.375h14.063V70.313h-37.5v32.813h14.063v9.375H70.313v18.75H56.251
 v32.813h37.5V131.25H79.688v-9.375h37.5v9.375h-14.063v32.813h37.5V131.25h-14.063v-9.375h37.5v9.375h-14.061v32.813h14.063v9.375
 h-46.875v18.75h-14.063V225h37.5v-32.813h-14.063v-9.375h46.875v-18.75h14.063V131.25h-14.063V112.5H173.439z M112.501,79.688
 h18.75V93.75h-18.75V79.688z M84.376,154.688h-18.75v-14.063h18.75V154.688z M131.251,154.688h-18.75v-14.063h18.75V154.688z
 M131.251,215.625h-18.75v-14.063h18.75V215.625z M178.126,154.688h-18.75v-14.063h18.75V154.688z"
            fill="#333333"
            stroke="#333333"
          />
          <path
            d="M262.501,32.813c-7.753,0-14.063,6.309-14.063,14.063v9.375v9.375V75v9.375v160.134l14.063,42.188
 l14.063-42.188V84.375V75v-9.375V56.25v-9.375C276.564,39.122,270.254,32.813,262.501,32.813z M259.628,248.438h5.742
 l-2.869,8.616L259.628,248.438z M267.189,239.063h-9.375V84.375h9.375V239.063z M267.189,75h-9.375v-9.375h9.375V75z
 M257.814,56.25v-9.375c0-2.583,2.105-4.688,4.688-4.688c2.583,0,4.688,2.105,4.688,4.688v9.375H257.814z"
            fill="#333333"
            stroke="#333333"
          />
        </svg>
      </div>
    </div>
    <div
      class="editor-top-spacer"
    >
      <div
        class="line-number"
      />
      <div
        class="code-line"
      />
    </div>
    <div
      class="code-content"
    >
      <div
        class="line-number"
      >
        1
          
      </div>
      <div
        class="code-line"
      >
        <span
          style="color:#6BF1A5"
        >
          import
        </span>
         
        <span
          style="color:#1985BD"
        >
          avion
        </span>
         
        <span
          style="color:#6BF1A5"
        >
          from
        </span>
         
        <span
          style="color:#0DC9F2"
        >
          <span
            style="color:#19E637"
          >
            '
          </span>
          <span
            style="color:#1985BD"
          >
            avion
          </span>
          <span
            style="color:#19E637"
          >
            '
          </span>
        </span>
      </div>
    </div>
    <div
      class="code-content"
    >
      <div
        class="line-number"
      >
        2
          
      </div>
      <div
        class="code-line"
      >
          
        <span
          style="color:#A59548"
        >
          async
        </span>
         
        <span
          style="color:#1985BD"
        >
          function
        </span>
         getEmployees
        <span
          style="color:#B05AD9"
        >
          <span
            style="color:#B7BE34"
          >
            (
          </span>
          <span
            style="color: #f513c1"
          >
            <span
              style="color:#f513c1"
            >
              url
            </span>
          </span>
          , apikey, searchPhrase
          <span
            style="color:#B7BE34"
          >
            )
          </span>
        </span>
        <span
          style="color:#E19E1F"
        >
          {
        </span>
      </div>
    </div>
    <div
      class="code-content"
    >
      <div
        class="line-number"
      >
        3
          
      </div>
      <div
        class="code-line"
      >
            
        <span
          style="color:#1985BD"
        >
          let
        </span>
         
        <span
          style="color:#A59548"
        >
          json
        </span>
        <span
          style="color:#396BB7"
        >
           = 
        </span>
        <span
          style="color:#A59548"
        >
          await
        </span>
         
        <span
          style="color:#1985BD"
        >
          avion
        </span>
        <span
          style="color:#B7BE34"
        >
          (
        </span>
        <span
          style="color:#E19E1F"
        >
          {
        </span>
      </div>
    </div>
    <div
      class="code-content"
    >
      <div
        class="line-number"
      >
        4
          
      </div>
      <div
        class="code-line"
      >
        <span
          style="color:#94B740"
        >
                
          <span
            style="color:#A59548"
          >
            method
          </span>
        </span>
        :
        <span
          style="color:#22B0C0"
        >
           
          <span
            style="color:#0DC9F2"
          >
            <span
              style="color:#19E637"
            >
              '
            </span>
            GET
            <span
              style="color:#19E637"
            >
              '
            </span>
          </span>
          ,
        </span>
      </div>
    </div>
    <div
      class="code-content"
    >
      <div
        class="line-number"
      >
        5
          
      </div>
      <div
        class="code-line"
      >
        <span
          style="color:#94B740"
        >
                
          <span
            style="color: #f513c1"
          >
            <span
              style="color:#f513c1"
            >
              cors
            </span>
          </span>
        </span>
        :
        <span
          style="color:#22B0C0"
        >
           
          <span
            style="color:#A59548"
          >
            true
          </span>
          ,
        </span>
      </div>
    </div>
    <div
      class="code-content"
    >
      <div
        class="line-number"
      >
        6
          
      </div>
      <div
        class="code-line"
      >
        <span
          style="color:#94B740"
        >
                headers
        </span>
        :
        <span
          style="color:#22B0C0"
        >
           
          <span
            style="color:#E19E1F"
          >
            {
          </span>
        </span>
      </div>
    </div>
    <div
      class="code-content"
    >
      <div
        class="line-number"
      >
        7
          
      </div>
      <div
        class="code-line"
      >
        <span
          style="color:#94B740"
        >
                  
          <span
            style="color:#0DC9F2"
          >
            <span
              style="color:#19E637"
            >
              '
            </span>
            Content-Type
            <span
              style="color:#19E637"
            >
              '
            </span>
          </span>
        </span>
        :
        <span
          style="color:#22B0C0"
        >
          <span
            style="color:#0DC9F2"
          >
            <span
              style="color:#19E637"
            >
              '
            </span>
            <span
              style="color:#A59548"
            >
              application
            </span>
            /
            <span
              style="color:#A59548"
            >
              json
            </span>
            <span
              style="color:#19E637"
            >
              '
            </span>
          </span>
        </span>
      </div>
    </div>
    <div
      class="code-content"
    >
      <div
        class="line-number"
      >
        8
          
      </div>
      <div
        class="code-line"
      >
              
        <span
          style="color:#E19E1F"
        >
          }
        </span>
        ,
      </div>
    </div>
    <div
      class="code-content"
    >
      <div
        class="line-number"
      >
        9
          
      </div>
      <div
        class="code-line"
      >
        <span
          style="color:#94B740"
        >
                
          <span
            style="color: #f513c1"
          >
            <span
              style="color:#f513c1"
            >
              url
            </span>
          </span>
        </span>
        : 
        <span
          style="color: #f513c1"
        >
          <span
            style="color:#f513c1"
          >
            url
          </span>
        </span>
         + 
        <span
          style="color:#0DC9F2"
        >
          <span
            style="color:#19E637"
          >
            '
          </span>
          users/list
          <span
            style="color:#19E637"
          >
            '
          </span>
        </span>
        ,
      </div>
    </div>
    <div
      class="code-content"
    >
      <div
        class="line-number"
      >
        10
          
      </div>
      <div
        class="code-line"
      >
        <span
          style="color:#94B740"
        >
                
          <span
            style="color: #f513c1"
          >
            <span
              style="color:#f513c1"
            >
              params
            </span>
          </span>
        </span>
        :
        <span
          style="color:#22B0C0"
        >
           
          <span
            style="color:#E19E1F"
          >
            {
          </span>
        </span>
      </div>
    </div>
    <div
      class="code-content"
    >
      <div
        class="line-number"
      >
        11
          
      </div>
      <div
        class="code-line"
      >
                apikey,
      </div>
    </div>
    <div
      class="code-content"
    >
      <div
        class="line-number"
      >
        12
          
      </div>
      <div
        class="code-line"
      >
                searchPhrase
      </div>
    </div>
    <div
      class="code-content"
    >
      <div
        class="line-number"
      >
        13
          
      </div>
      <div
        class="code-line"
      >
              
        <span
          style="color:#E19E1F"
        >
          }
        </span>
      </div>
    </div>
    <div
      class="code-content"
    >
      <div
        class="line-number"
      >
        14
          
      </div>
      <div
        class="code-line"
      >
            
        <span
          style="color:#E19E1F"
        >
          }
        </span>
        <span
          style="color:#B7BE34"
        >
          )
        </span>
      </div>
    </div>
    <div
      class="code-content"
    >
      <div
        class="line-number"
      >
        15
          
      </div>
      <div
        class="code-line"
      />
    </div>
    <div
      class="code-content"
    >
      <div
        class="line-number"
      >
        16
          
      </div>
      <div
        class="code-line"
      >
            
        <span
          style="color:#6BF1A5"
        >
          return
        </span>
         
        <span
          style="color:#A59548"
        >
          json
        </span>
        ;
      </div>
    </div>
    <div
      class="code-content"
    >
      <div
        class="line-number"
      >
        17
          
      </div>
      <div
        class="code-line"
      >
          
      </div>
    </div>
    <div
      class="editor-bottom-spacer"
    >
      <div
        class="line-number"
      />
      <div />
    </div>
  </code>
</div>
`;

exports[`CodeDisplay should render custom default words 1`] = `
<div>
  <code
    class="code"
  >
    <div
      class="copy-to-clipboard"
    >
      <div
        class="c5-editor-clipboard"
      >
        <svg
          fill="fff"
          height="100%"
          viewBox="0 0 290.627 290.627"
          width="100%"
        >
          <path
            d="M215.626,28.125h-38.363c-1.941-5.442-7.097-9.375-13.2-9.375h-14.062v-4.688
 C150.001,6.309,143.692,0,135.938,0h-28.125c-7.753,0-14.062,6.309-14.062,14.063v4.688H79.688c-6.103,0-11.259,3.933-13.2,9.375
 H28.126c-7.753,0-14.063,6.309-14.063,14.063v234.375c0,7.753,6.309,14.063,14.063,14.063h187.5
 c7.753,0,14.063-6.309,14.063-14.063V42.188C229.689,34.434,223.379,28.125,215.626,28.125z M75.001,32.813
 c0-2.583,2.105-4.688,4.688-4.688h23.438V14.063c0-2.583,2.105-4.688,4.688-4.688h28.125c2.583,0,4.688,2.105,4.688,4.688v14.063
 h23.438c2.583,0,4.688,2.105,4.688,4.688v14.063c0,2.583-2.105,4.688-4.688,4.688H79.688c-2.583,0-4.688-2.105-4.688-4.688V32.813
 H75.001z M220.314,276.563c0,2.587-2.105,4.688-4.688,4.688h-187.5c-2.583,0-4.688-2.1-4.688-4.688V42.188
 c0-2.583,2.105-4.688,4.688-4.688h37.5v9.375c0,7.753,6.309,14.063,14.063,14.063h84.375c7.753,0,14.063-6.309,14.063-14.063V37.5
 h37.5c2.583,0,4.688,2.105,4.688,4.688v234.375H220.314z"
            fill="#333333"
            stroke="#333333"
          />
          <path
            d="M173.439,112.5h-46.875v-9.375h14.063V70.313h-37.5v32.813h14.063v9.375H70.313v18.75H56.251
 v32.813h37.5V131.25H79.688v-9.375h37.5v9.375h-14.063v32.813h37.5V131.25h-14.063v-9.375h37.5v9.375h-14.061v32.813h14.063v9.375
 h-46.875v18.75h-14.063V225h37.5v-32.813h-14.063v-9.375h46.875v-18.75h14.063V131.25h-14.063V112.5H173.439z M112.501,79.688
 h18.75V93.75h-18.75V79.688z M84.376,154.688h-18.75v-14.063h18.75V154.688z M131.251,154.688h-18.75v-14.063h18.75V154.688z
 M131.251,215.625h-18.75v-14.063h18.75V215.625z M178.126,154.688h-18.75v-14.063h18.75V154.688z"
            fill="#333333"
            stroke="#333333"
          />
          <path
            d="M262.501,32.813c-7.753,0-14.063,6.309-14.063,14.063v9.375v9.375V75v9.375v160.134l14.063,42.188
 l14.063-42.188V84.375V75v-9.375V56.25v-9.375C276.564,39.122,270.254,32.813,262.501,32.813z M259.628,248.438h5.742
 l-2.869,8.616L259.628,248.438z M267.189,239.063h-9.375V84.375h9.375V239.063z M267.189,75h-9.375v-9.375h9.375V75z
 M257.814,56.25v-9.375c0-2.583,2.105-4.688,4.688-4.688c2.583,0,4.688,2.105,4.688,4.688v9.375H257.814z"
            fill="#333333"
            stroke="#333333"
          />
        </svg>
      </div>
    </div>
    <div
      class="editor-top-spacer"
    >
      <div
        class="line-number"
      />
      <div
        class="code-line"
      />
    </div>
    <div
      class="code-content"
    >
      <div
        class="line-number"
      >
        1
          
      </div>
      <div
        class="code-line"
      >
        <span
          style="color:#6BF1A5"
        >
          <span
            style="color:#6BF1A5"
          >
            import
          </span>
        </span>
         
        <span
          style="color:#1985BD"
        >
          avion
        </span>
         
        <span
          style="color:#6BF1A5"
        >
          <span
            style="color:#6BF1A5"
          >
            from
          </span>
        </span>
         
        <span
          style="color:#0DC9F2"
        >
          <span
            style="color:#19E637"
          >
            '
          </span>
          <span
            style="color:#1985BD"
          >
            avion
          </span>
          <span
            style="color:#19E637"
          >
            '
          </span>
        </span>
      </div>
    </div>
    <div
      class="code-content"
    >
      <div
        class="line-number"
      >
        2
          
      </div>
      <div
        class="code-line"
      >
          
        <span
          style="color:#A59548"
        >
          async
        </span>
         
        <span
          style="color:#1985BD"
        >
          function
        </span>
         getEmployees
        <span
          style="color:#B05AD9"
        >
          <span
            style="color:#B7BE34"
          >
            (
          </span>
          <span
            style="color: #f513c1"
          >
            url
          </span>
          , apikey, searchPhrase
          <span
            style="color:#B7BE34"
          >
            )
          </span>
        </span>
        <span
          style="color:#E19E1F"
        >
          {
        </span>
      </div>
    </div>
    <div
      class="code-content"
    >
      <div
        class="line-number"
      >
        3
          
      </div>
      <div
        class="code-line"
      >
            
        <span
          style="color:#1985BD"
        >
          let
        </span>
         
        <span
          style="color:#A59548"
        >
          json
        </span>
        <span
          style="color:#396BB7"
        >
           = 
        </span>
        <span
          style="color:#A59548"
        >
          await
        </span>
         
        <span
          style="color:#1985BD"
        >
          avion
        </span>
        <span
          style="color:#B7BE34"
        >
          (
        </span>
        <span
          style="color:#E19E1F"
        >
          {
        </span>
      </div>
    </div>
    <div
      class="code-content"
    >
      <div
        class="line-number"
      >
        4
          
      </div>
      <div
        class="code-line"
      >
        <span
          style="color:#94B740"
        >
                
          <span
            style="color:#A59548"
          >
            method
          </span>
        </span>
        :
        <span
          style="color:#22B0C0"
        >
           
          <span
            style="color:#0DC9F2"
          >
            <span
              style="color:#19E637"
            >
              '
            </span>
            GET
            <span
              style="color:#19E637"
            >
              '
            </span>
          </span>
          ,
        </span>
      </div>
    </div>
    <div
      class="code-content"
    >
      <div
        class="line-number"
      >
        5
          
      </div>
      <div
        class="code-line"
      >
        <span
          style="color:#94B740"
        >
                
          <span
            style="color: #f513c1"
          >
            cors
          </span>
        </span>
        :
        <span
          style="color:#22B0C0"
        >
           
          <span
            style="color:#A59548"
          >
            true
          </span>
          ,
        </span>
      </div>
    </div>
    <div
      class="code-content"
    >
      <div
        class="line-number"
      >
        6
          
      </div>
      <div
        class="code-line"
      >
        <span
          style="color:#94B740"
        >
                headers
        </span>
        :
        <span
          style="color:#22B0C0"
        >
           
          <span
            style="color:#E19E1F"
          >
            {
          </span>
        </span>
      </div>
    </div>
    <div
      class="code-content"
    >
      <div
        class="line-number"
      >
        7
          
      </div>
      <div
        class="code-line"
      >
        <span
          style="color:#94B740"
        >
                  
          <span
            style="color:#0DC9F2"
          >
            <span
              style="color:#19E637"
            >
              '
            </span>
            Content-Type
            <span
              style="color:#19E637"
            >
              '
            </span>
          </span>
        </span>
        :
        <span
          style="color:#22B0C0"
        >
          <span
            style="color:#0DC9F2"
          >
            <span
              style="color:#19E637"
            >
              '
            </span>
            <span
              style="color:#A59548"
            >
              application
            </span>
            /
            <span
              style="color:#A59548"
            >
              json
            </span>
            <span
              style="color:#19E637"
            >
              '
            </span>
          </span>
        </span>
      </div>
    </div>
    <div
      class="code-content"
    >
      <div
        class="line-number"
      >
        8
          
      </div>
      <div
        class="code-line"
      >
              
        <span
          style="color:#E19E1F"
        >
          }
        </span>
        ,
      </div>
    </div>
    <div
      class="code-content"
    >
      <div
        class="line-number"
      >
        9
          
      </div>
      <div
        class="code-line"
      >
        <span
          style="color:#94B740"
        >
                
          <span
            style="color: #f513c1"
          >
            url
          </span>
        </span>
        : 
        <span
          style="color: #f513c1"
        >
          url
        </span>
         + 
        <span
          style="color:#0DC9F2"
        >
          <span
            style="color:#19E637"
          >
            '
          </span>
          users/list
          <span
            style="color:#19E637"
          >
            '
          </span>
        </span>
        ,
      </div>
    </div>
    <div
      class="code-content"
    >
      <div
        class="line-number"
      >
        10
          
      </div>
      <div
        class="code-line"
      >
        <span
          style="color:#94B740"
        >
                
          <span
            style="color: #f513c1"
          >
            params
          </span>
        </span>
        :
        <span
          style="color:#22B0C0"
        >
           
          <span
            style="color:#E19E1F"
          >
            {
          </span>
        </span>
      </div>
    </div>
    <div
      class="code-content"
    >
      <div
        class="line-number"
      >
        11
          
      </div>
      <div
        class="code-line"
      >
                apikey,
      </div>
    </div>
    <div
      class="code-content"
    >
      <div
        class="line-number"
      >
        12
          
      </div>
      <div
        class="code-line"
      >
                searchPhrase
      </div>
    </div>
    <div
      class="code-content"
    >
      <div
        class="line-number"
      >
        13
          
      </div>
      <div
        class="code-line"
      >
              
        <span
          style="color:#E19E1F"
        >
          }
        </span>
      </div>
    </div>
    <div
      class="code-content"
    >
      <div
        class="line-number"
      >
        14
          
      </div>
      <div
        class="code-line"
      >
            
        <span
          style="color:#E19E1F"
        >
          }
        </span>
        <span
          style="color:#B7BE34"
        >
          )
        </span>
      </div>
    </div>
    <div
      class="code-content"
    >
      <div
        class="line-number"
      >
        15
          
      </div>
      <div
        class="code-line"
      />
    </div>
    <div
      class="code-content"
    >
      <div
        class="line-number"
      >
        16
          
      </div>
      <div
        class="code-line"
      >
            
        <span
          style="color:#6BF1A5"
        >
          <span
            style="color:#6BF1A5"
          >
            return
          </span>
        </span>
         
        <span
          style="color:#A59548"
        >
          json
        </span>
        ;
      </div>
    </div>
    <div
      class="code-content"
    >
      <div
        class="line-number"
      >
        17
          
      </div>
      <div
        class="code-line"
      >
          
      </div>
    </div>
    <div
      class="editor-bottom-spacer"
    >
      <div
        class="line-number"
      />
      <div />
    </div>
  </code>
</div>
`;

exports[`CodeDisplay should render custom reserved words 1`] = `
<div>
  <code
    class="code"
  >
    <div
      class="copy-to-clipboard"
    >
      <div
        class="c5-editor-clipboard"
      >
        <svg
          fill="fff"
          height="100%"
          viewBox="0 0 290.627 290.627"
          width="100%"
        >
          <path
            d="M215.626,28.125h-38.363c-1.941-5.442-7.097-9.375-13.2-9.375h-14.062v-4.688
 C150.001,6.309,143.692,0,135.938,0h-28.125c-7.753,0-14.062,6.309-14.062,14.063v4.688H79.688c-6.103,0-11.259,3.933-13.2,9.375
 H28.126c-7.753,0-14.063,6.309-14.063,14.063v234.375c0,7.753,6.309,14.063,14.063,14.063h187.5
 c7.753,0,14.063-6.309,14.063-14.063V42.188C229.689,34.434,223.379,28.125,215.626,28.125z M75.001,32.813
 c0-2.583,2.105-4.688,4.688-4.688h23.438V14.063c0-2.583,2.105-4.688,4.688-4.688h28.125c2.583,0,4.688,2.105,4.688,4.688v14.063
 h23.438c2.583,0,4.688,2.105,4.688,4.688v14.063c0,2.583-2.105,4.688-4.688,4.688H79.688c-2.583,0-4.688-2.105-4.688-4.688V32.813
 H75.001z M220.314,276.563c0,2.587-2.105,4.688-4.688,4.688h-187.5c-2.583,0-4.688-2.1-4.688-4.688V42.188
 c0-2.583,2.105-4.688,4.688-4.688h37.5v9.375c0,7.753,6.309,14.063,14.063,14.063h84.375c7.753,0,14.063-6.309,14.063-14.063V37.5
 h37.5c2.583,0,4.688,2.105,4.688,4.688v234.375H220.314z"
            fill="#333333"
            stroke="#333333"
          />
          <path
            d="M173.439,112.5h-46.875v-9.375h14.063V70.313h-37.5v32.813h14.063v9.375H70.313v18.75H56.251
 v32.813h37.5V131.25H79.688v-9.375h37.5v9.375h-14.063v32.813h37.5V131.25h-14.063v-9.375h37.5v9.375h-14.061v32.813h14.063v9.375
 h-46.875v18.75h-14.063V225h37.5v-32.813h-14.063v-9.375h46.875v-18.75h14.063V131.25h-14.063V112.5H173.439z M112.501,79.688
 h18.75V93.75h-18.75V79.688z M84.376,154.688h-18.75v-14.063h18.75V154.688z M131.251,154.688h-18.75v-14.063h18.75V154.688z
 M131.251,215.625h-18.75v-14.063h18.75V215.625z M178.126,154.688h-18.75v-14.063h18.75V154.688z"
            fill="#333333"
            stroke="#333333"
          />
          <path
            d="M262.501,32.813c-7.753,0-14.063,6.309-14.063,14.063v9.375v9.375V75v9.375v160.134l14.063,42.188
 l14.063-42.188V84.375V75v-9.375V56.25v-9.375C276.564,39.122,270.254,32.813,262.501,32.813z M259.628,248.438h5.742
 l-2.869,8.616L259.628,248.438z M267.189,239.063h-9.375V84.375h9.375V239.063z M267.189,75h-9.375v-9.375h9.375V75z
 M257.814,56.25v-9.375c0-2.583,2.105-4.688,4.688-4.688c2.583,0,4.688,2.105,4.688,4.688v9.375H257.814z"
            fill="#333333"
            stroke="#333333"
          />
        </svg>
      </div>
    </div>
    <div
      class="editor-top-spacer"
    >
      <div
        class="line-number"
      />
      <div
        class="code-line"
      />
    </div>
    <div
      class="code-content"
    >
      <div
        class="line-number"
      >
        1
          
      </div>
      <div
        class="code-line"
      >
        <span
          style="color:#6BF1A5"
        >
          import
        </span>
         
        <span
          style="color:#1985BD"
        >
          avion
        </span>
         
        <span
          style="color:#6BF1A5"
        >
          from
        </span>
         
        <span
          style="color:#0DC9F2"
        >
          <span
            style="color:#19E637"
          >
            '
          </span>
          <span
            style="color:#1985BD"
          >
            avion
          </span>
          <span
            style="color:#19E637"
          >
            '
          </span>
        </span>
      </div>
    </div>
    <div
      class="code-content"
    >
      <div
        class="line-number"
      >
        2
          
      </div>
      <div
        class="code-line"
      >
          
        <span
          style="color:#A59548"
        >
          <span
            style="color:#A59548"
          >
            async
          </span>
        </span>
         
        <span
          style="color:#1985BD"
        >
          function
        </span>
         getEmployees
        <span
          style="color:#B05AD9"
        >
          <span
            style="color:#B7BE34"
          >
            (
          </span>
          <span
            style="color: #f513c1"
          >
            url
          </span>
          , apikey, searchPhrase
          <span
            style="color:#B7BE34"
          >
            )
          </span>
        </span>
        <span
          style="color:#E19E1F"
        >
          {
        </span>
      </div>
    </div>
    <div
      class="code-content"
    >
      <div
        class="line-number"
      >
        3
          
      </div>
      <div
        class="code-line"
      >
            
        <span
          style="color:#1985BD"
        >
          let
        </span>
         
        <span
          style="color:#A59548"
        >
          <span
            style="color:#A59548"
          >
            json
          </span>
        </span>
        <span
          style="color:#396BB7"
        >
           = 
        </span>
        <span
          style="color:#A59548"
        >
          <span
            style="color:#A59548"
          >
            await
          </span>
        </span>
         
        <span
          style="color:#1985BD"
        >
          avion
        </span>
        <span
          style="color:#B7BE34"
        >
          (
        </span>
        <span
          style="color:#E19E1F"
        >
          {
        </span>
      </div>
    </div>
    <div
      class="code-content"
    >
      <div
        class="line-number"
      >
        4
          
      </div>
      <div
        class="code-line"
      >
        <span
          style="color:#94B740"
        >
                
          <span
            style="color:#A59548"
          >
            <span
              style="color:#A59548"
            >
              method
            </span>
          </span>
        </span>
        :
        <span
          style="color:#22B0C0"
        >
           
          <span
            style="color:#0DC9F2"
          >
            <span
              style="color:#19E637"
            >
              '
            </span>
            GET
            <span
              style="color:#19E637"
            >
              '
            </span>
          </span>
          ,
        </span>
      </div>
    </div>
    <div
      class="code-content"
    >
      <div
        class="line-number"
      >
        5
          
      </div>
      <div
        class="code-line"
      >
        <span
          style="color:#94B740"
        >
                
          <span
            style="color: #f513c1"
          >
            cors
          </span>
        </span>
        :
        <span
          style="color:#22B0C0"
        >
           
          <span
            style="color:#A59548"
          >
            <span
              style="color:#A59548"
            >
              true
            </span>
          </span>
          ,
        </span>
      </div>
    </div>
    <div
      class="code-content"
    >
      <div
        class="line-number"
      >
        6
          
      </div>
      <div
        class="code-line"
      >
        <span
          style="color:#94B740"
        >
                headers
        </span>
        :
        <span
          style="color:#22B0C0"
        >
           
          <span
            style="color:#E19E1F"
          >
            {
          </span>
        </span>
      </div>
    </div>
    <div
      class="code-content"
    >
      <div
        class="line-number"
      >
        7
          
      </div>
      <div
        class="code-line"
      >
        <span
          style="color:#94B740"
        >
                  
          <span
            style="color:#0DC9F2"
          >
            <span
              style="color:#19E637"
            >
              '
            </span>
            Content-Type
            <span
              style="color:#19E637"
            >
              '
            </span>
          </span>
        </span>
        :
        <span
          style="color:#22B0C0"
        >
          <span
            style="color:#0DC9F2"
          >
            <span
              style="color:#19E637"
            >
              '
            </span>
            <span
              style="color:#A59548"
            >
              <span
                style="color:#A59548"
              >
                application
              </span>
            </span>
            /
            <span
              style="color:#A59548"
            >
              <span
                style="color:#A59548"
              >
                json
              </span>
            </span>
            <span
              style="color:#19E637"
            >
              '
            </span>
          </span>
        </span>
      </div>
    </div>
    <div
      class="code-content"
    >
      <div
        class="line-number"
      >
        8
          
      </div>
      <div
        class="code-line"
      >
              
        <span
          style="color:#E19E1F"
        >
          }
        </span>
        ,
      </div>
    </div>
    <div
      class="code-content"
    >
      <div
        class="line-number"
      >
        9
          
      </div>
      <div
        class="code-line"
      >
        <span
          style="color:#94B740"
        >
                
          <span
            style="color: #f513c1"
          >
            url
          </span>
        </span>
        : 
        <span
          style="color: #f513c1"
        >
          url
        </span>
         + 
        <span
          style="color:#0DC9F2"
        >
          <span
            style="color:#19E637"
          >
            '
          </span>
          users/list
          <span
            style="color:#19E637"
          >
            '
          </span>
        </span>
        ,
      </div>
    </div>
    <div
      class="code-content"
    >
      <div
        class="line-number"
      >
        10
          
      </div>
      <div
        class="code-line"
      >
        <span
          style="color:#94B740"
        >
                
          <span
            style="color: #f513c1"
          >
            params
          </span>
        </span>
        :
        <span
          style="color:#22B0C0"
        >
           
          <span
            style="color:#E19E1F"
          >
            {
          </span>
        </span>
      </div>
    </div>
    <div
      class="code-content"
    >
      <div
        class="line-number"
      >
        11
          
      </div>
      <div
        class="code-line"
      >
                apikey,
      </div>
    </div>
    <div
      class="code-content"
    >
      <div
        class="line-number"
      >
        12
          
      </div>
      <div
        class="code-line"
      >
                searchPhrase
      </div>
    </div>
    <div
      class="code-content"
    >
      <div
        class="line-number"
      >
        13
          
      </div>
      <div
        class="code-line"
      >
              
        <span
          style="color:#E19E1F"
        >
          }
        </span>
      </div>
    </div>
    <div
      class="code-content"
    >
      <div
        class="line-number"
      >
        14
          
      </div>
      <div
        class="code-line"
      >
            
        <span
          style="color:#E19E1F"
        >
          }
        </span>
        <span
          style="color:#B7BE34"
        >
          )
        </span>
      </div>
    </div>
    <div
      class="code-content"
    >
      <div
        class="line-number"
      >
        15
          
      </div>
      <div
        class="code-line"
      />
    </div>
    <div
      class="code-content"
    >
      <div
        class="line-number"
      >
        16
          
      </div>
      <div
        class="code-line"
      >
            
        <span
          style="color:#6BF1A5"
        >
          return
        </span>
         
        <span
          style="color:#A59548"
        >
          <span
            style="color:#A59548"
          >
            json
          </span>
        </span>
        ;
      </div>
    </div>
    <div
      class="code-content"
    >
      <div
        class="line-number"
      >
        17
          
      </div>
      <div
        class="code-line"
      >
          
      </div>
    </div>
    <div
      class="editor-bottom-spacer"
    >
      <div
        class="line-number"
      />
      <div />
    </div>
  </code>
</div>
`;

exports[`CodeDisplay should render customAppWords 1`] = `
<div>
  <code
    class="code"
  >
    <div
      class="copy-to-clipboard"
    >
      <div
        class="c5-editor-clipboard"
      >
        <svg
          fill="fff"
          height="100%"
          viewBox="0 0 290.627 290.627"
          width="100%"
        >
          <path
            d="M215.626,28.125h-38.363c-1.941-5.442-7.097-9.375-13.2-9.375h-14.062v-4.688
 C150.001,6.309,143.692,0,135.938,0h-28.125c-7.753,0-14.062,6.309-14.062,14.063v4.688H79.688c-6.103,0-11.259,3.933-13.2,9.375
 H28.126c-7.753,0-14.063,6.309-14.063,14.063v234.375c0,7.753,6.309,14.063,14.063,14.063h187.5
 c7.753,0,14.063-6.309,14.063-14.063V42.188C229.689,34.434,223.379,28.125,215.626,28.125z M75.001,32.813
 c0-2.583,2.105-4.688,4.688-4.688h23.438V14.063c0-2.583,2.105-4.688,4.688-4.688h28.125c2.583,0,4.688,2.105,4.688,4.688v14.063
 h23.438c2.583,0,4.688,2.105,4.688,4.688v14.063c0,2.583-2.105,4.688-4.688,4.688H79.688c-2.583,0-4.688-2.105-4.688-4.688V32.813
 H75.001z M220.314,276.563c0,2.587-2.105,4.688-4.688,4.688h-187.5c-2.583,0-4.688-2.1-4.688-4.688V42.188
 c0-2.583,2.105-4.688,4.688-4.688h37.5v9.375c0,7.753,6.309,14.063,14.063,14.063h84.375c7.753,0,14.063-6.309,14.063-14.063V37.5
 h37.5c2.583,0,4.688,2.105,4.688,4.688v234.375H220.314z"
            fill="#333333"
            stroke="#333333"
          />
          <path
            d="M173.439,112.5h-46.875v-9.375h14.063V70.313h-37.5v32.813h14.063v9.375H70.313v18.75H56.251
 v32.813h37.5V131.25H79.688v-9.375h37.5v9.375h-14.063v32.813h37.5V131.25h-14.063v-9.375h37.5v9.375h-14.061v32.813h14.063v9.375
 h-46.875v18.75h-14.063V225h37.5v-32.813h-14.063v-9.375h46.875v-18.75h14.063V131.25h-14.063V112.5H173.439z M112.501,79.688
 h18.75V93.75h-18.75V79.688z M84.376,154.688h-18.75v-14.063h18.75V154.688z M131.251,154.688h-18.75v-14.063h18.75V154.688z
 M131.251,215.625h-18.75v-14.063h18.75V215.625z M178.126,154.688h-18.75v-14.063h18.75V154.688z"
            fill="#333333"
            stroke="#333333"
          />
          <path
            d="M262.501,32.813c-7.753,0-14.063,6.309-14.063,14.063v9.375v9.375V75v9.375v160.134l14.063,42.188
 l14.063-42.188V84.375V75v-9.375V56.25v-9.375C276.564,39.122,270.254,32.813,262.501,32.813z M259.628,248.438h5.742
 l-2.869,8.616L259.628,248.438z M267.189,239.063h-9.375V84.375h9.375V239.063z M267.189,75h-9.375v-9.375h9.375V75z
 M257.814,56.25v-9.375c0-2.583,2.105-4.688,4.688-4.688c2.583,0,4.688,2.105,4.688,4.688v9.375H257.814z"
            fill="#333333"
            stroke="#333333"
          />
        </svg>
      </div>
    </div>
    <div
      class="editor-top-spacer"
    >
      <div
        class="line-number"
      />
      <div
        class="code-line"
      />
    </div>
    <div
      class="code-content"
    >
      <div
        class="line-number"
      >
        1
          
      </div>
      <div
        class="code-line"
      >
        <span
          style="color:#6BF1A5"
        >
          import
        </span>
         
        <span
          style="color:#1985BD"
        >
          <span
            style="color:#1985BD"
          >
            avion
          </span>
        </span>
         
        <span
          style="color:#6BF1A5"
        >
          from
        </span>
         
        <span
          style="color:#0DC9F2"
        >
          <span
            style="color:#19E637"
          >
            '
          </span>
          <span
            style="color:#1985BD"
          >
            <span
              style="color:#1985BD"
            >
              avion
            </span>
          </span>
          <span
            style="color:#19E637"
          >
            '
          </span>
        </span>
      </div>
    </div>
    <div
      class="code-content"
    >
      <div
        class="line-number"
      >
        2
          
      </div>
      <div
        class="code-line"
      >
          
        <span
          style="color:#A59548"
        >
          async
        </span>
         
        <span
          style="color:#1985BD"
        >
          <span
            style="color:#1985BD"
          >
            function
          </span>
        </span>
         getEmployees
        <span
          style="color:#B05AD9"
        >
          <span
            style="color:#B7BE34"
          >
            (
          </span>
          <span
            style="color: #f513c1"
          >
            url
          </span>
          , apikey, searchPhrase
          <span
            style="color:#B7BE34"
          >
            )
          </span>
        </span>
        <span
          style="color:#E19E1F"
        >
          {
        </span>
      </div>
    </div>
    <div
      class="code-content"
    >
      <div
        class="line-number"
      >
        3
          
      </div>
      <div
        class="code-line"
      >
            
        <span
          style="color:#1985BD"
        >
          <span
            style="color:#1985BD"
          >
            let
          </span>
        </span>
         
        <span
          style="color:#A59548"
        >
          json
        </span>
        <span
          style="color:#396BB7"
        >
           = 
        </span>
        <span
          style="color:#A59548"
        >
          await
        </span>
         
        <span
          style="color:#1985BD"
        >
          <span
            style="color:#1985BD"
          >
            avion
          </span>
        </span>
        <span
          style="color:#B7BE34"
        >
          (
        </span>
        <span
          style="color:#E19E1F"
        >
          {
        </span>
      </div>
    </div>
    <div
      class="code-content"
    >
      <div
        class="line-number"
      >
        4
          
      </div>
      <div
        class="code-line"
      >
        <span
          style="color:#94B740"
        >
                
          <span
            style="color:#A59548"
          >
            method
          </span>
        </span>
        :
        <span
          style="color:#22B0C0"
        >
           
          <span
            style="color:#0DC9F2"
          >
            <span
              style="color:#19E637"
            >
              '
            </span>
            GET
            <span
              style="color:#19E637"
            >
              '
            </span>
          </span>
          ,
        </span>
      </div>
    </div>
    <div
      class="code-content"
    >
      <div
        class="line-number"
      >
        5
          
      </div>
      <div
        class="code-line"
      >
        <span
          style="color:#94B740"
        >
                
          <span
            style="color: #f513c1"
          >
            cors
          </span>
        </span>
        :
        <span
          style="color:#22B0C0"
        >
           
          <span
            style="color:#A59548"
          >
            true
          </span>
          ,
        </span>
      </div>
    </div>
    <div
      class="code-content"
    >
      <div
        class="line-number"
      >
        6
          
      </div>
      <div
        class="code-line"
      >
        <span
          style="color:#94B740"
        >
                headers
        </span>
        :
        <span
          style="color:#22B0C0"
        >
           
          <span
            style="color:#E19E1F"
          >
            {
          </span>
        </span>
      </div>
    </div>
    <div
      class="code-content"
    >
      <div
        class="line-number"
      >
        7
          
      </div>
      <div
        class="code-line"
      >
        <span
          style="color:#94B740"
        >
                  
          <span
            style="color:#0DC9F2"
          >
            <span
              style="color:#19E637"
            >
              '
            </span>
            Content-Type
            <span
              style="color:#19E637"
            >
              '
            </span>
          </span>
        </span>
        :
        <span
          style="color:#22B0C0"
        >
          <span
            style="color:#0DC9F2"
          >
            <span
              style="color:#19E637"
            >
              '
            </span>
            <span
              style="color:#A59548"
            >
              application
            </span>
            /
            <span
              style="color:#A59548"
            >
              json
            </span>
            <span
              style="color:#19E637"
            >
              '
            </span>
          </span>
        </span>
      </div>
    </div>
    <div
      class="code-content"
    >
      <div
        class="line-number"
      >
        8
          
      </div>
      <div
        class="code-line"
      >
              
        <span
          style="color:#E19E1F"
        >
          }
        </span>
        ,
      </div>
    </div>
    <div
      class="code-content"
    >
      <div
        class="line-number"
      >
        9
          
      </div>
      <div
        class="code-line"
      >
        <span
          style="color:#94B740"
        >
                
          <span
            style="color: #f513c1"
          >
            url
          </span>
        </span>
        : 
        <span
          style="color: #f513c1"
        >
          url
        </span>
         + 
        <span
          style="color:#0DC9F2"
        >
          <span
            style="color:#19E637"
          >
            '
          </span>
          users/list
          <span
            style="color:#19E637"
          >
            '
          </span>
        </span>
        ,
      </div>
    </div>
    <div
      class="code-content"
    >
      <div
        class="line-number"
      >
        10
          
      </div>
      <div
        class="code-line"
      >
        <span
          style="color:#94B740"
        >
                
          <span
            style="color: #f513c1"
          >
            params
          </span>
        </span>
        :
        <span
          style="color:#22B0C0"
        >
           
          <span
            style="color:#E19E1F"
          >
            {
          </span>
        </span>
      </div>
    </div>
    <div
      class="code-content"
    >
      <div
        class="line-number"
      >
        11
          
      </div>
      <div
        class="code-line"
      >
                apikey,
      </div>
    </div>
    <div
      class="code-content"
    >
      <div
        class="line-number"
      >
        12
          
      </div>
      <div
        class="code-line"
      >
                searchPhrase
      </div>
    </div>
    <div
      class="code-content"
    >
      <div
        class="line-number"
      >
        13
          
      </div>
      <div
        class="code-line"
      >
              
        <span
          style="color:#E19E1F"
        >
          }
        </span>
      </div>
    </div>
    <div
      class="code-content"
    >
      <div
        class="line-number"
      >
        14
          
      </div>
      <div
        class="code-line"
      >
            
        <span
          style="color:#E19E1F"
        >
          }
        </span>
        <span
          style="color:#B7BE34"
        >
          )
        </span>
      </div>
    </div>
    <div
      class="code-content"
    >
      <div
        class="line-number"
      >
        15
          
      </div>
      <div
        class="code-line"
      />
    </div>
    <div
      class="code-content"
    >
      <div
        class="line-number"
      >
        16
          
      </div>
      <div
        class="code-line"
      >
            
        <span
          style="color:#6BF1A5"
        >
          return
        </span>
         
        <span
          style="color:#A59548"
        >
          json
        </span>
        ;
      </div>
    </div>
    <div
      class="code-content"
    >
      <div
        class="line-number"
      >
        17
          
      </div>
      <div
        class="code-line"
      >
          
      </div>
    </div>
    <div
      class="editor-bottom-spacer"
    >
      <div
        class="line-number"
      />
      <div />
    </div>
  </code>
</div>
`;
