// Jest Snapshot v1, https://goo.gl/fbAQLP

exports[`Tabs should render correctly 1`] = `
<div>
  <div
    class="tabs"
  >
    <ol
      class="tab-list"
    >
      <li
        class="tab-list-item tab-list-active"
        id="tab-0"
      />
      <li
        class="tab-list-item"
        id="tab-1"
      />
    </ol>
    <div
      class="tab-content"
    >
      <div>
        <h2>
          Tab1
        </h2>
      </div>
    </div>
  </div>
</div>
`;
